warning: in the working copy of '_verify/hlod/20260909_batched/batch_00.log', LF will be replaced by CRLF the next time Git touches it
warning: in the working copy of '_verify/hlod/20260909_batched/batches.json', CRLF will be replaced by LF the next time Git touches it
warning: in the working copy of '_verify/hlod/20260909_batched/batches.json', CRLF will be replaced by LF the next time Git touches it
warning: in the working copy of '_verify/hlod/20260909_batched/driver_detached.err', LF will be replaced by CRLF the next time Git touches it
warning: in the working copy of '_verify/hlod/20260909_batched/driver_detached.txt', LF will be replaced by CRLF the next time Git touches it
warning: in the working copy of '_verify/hlod/20260909_batched/batch_01.log', LF will be replaced by CRLF the next time Git touches it
warning: in the working copy of '_verify/hlod/20260909_batched/batches.json', CRLF will be replaced by LF the next time Git touches it
warning: in the working copy of '_verify/hlod/20260909_batched/driver_detached.err', LF will be replaced by CRLF the next time Git touches it
warning: in the working copy of '_verify/hlod/20260909_batched/driver_detached.txt', LF will be replaced by CRLF the next time Git touches it
warning: in the working copy of '_verify/hlod/20260909_batched/batch_02.log', LF will be replaced by CRLF the next time Git touches it
warning: in the working copy of '_verify/hlod/20260909_batched/batches.json', CRLF will be replaced by LF the next time Git touches it
warning: in the working copy of '_verify/hlod/20260909_batched/driver_detached.err', LF will be replaced by CRLF the next time Git touches it
warning: in the working copy of '_verify/hlod/20260909_batched/driver_detached.txt', LF will be replaced by CRLF the next time Git touches it
warning: in the working copy of '_verify/hlod/20260909_batched/batch_03.log', LF will be replaced by CRLF the next time Git touches it
warning: in the working copy of '_verify/hlod/20260909_batched/batches.json', CRLF will be replaced by LF the next time Git touches it
warning: in the working copy of '_verify/hlod/20260909_batched/driver_detached.err', LF will be replaced by CRLF the next time Git touches it
warning: in the working copy of '_verify/hlod/20260909_batched/driver_detached.txt', LF will be replaced by CRLF the next time Git touches it
warning: in the working copy of '_verify/hlod/20260909_batched/batch_04.log', LF will be replaced by CRLF the next time Git touches it
warning: in the working copy of '_verify/hlod/20260909_batched/batches.json', CRLF will be replaced by LF the next time Git touches it
warning: in the working copy of '_verify/hlod/20260909_batched/driver_detached.err', LF will be replaced by CRLF the next time Git touches it
warning: in the working copy of '_verify/hlod/20260909_batched/driver_detached.txt', LF will be replaced by CRLF the next time Git touches it
warning: in the working copy of '_verify/hlod/20260909_batched/batch_05.log', LF will be replaced by CRLF the next time Git touches it
warning: in the working copy of '_verify/hlod/20260909_batched/batches.json', CRLF will be replaced by LF the next time Git touches it
warning: in the working copy of '_verify/hlod/20260909_batched/driver_detached.err', LF will be replaced by CRLF the next time Git touches it
warning: in the working copy of '_verify/hlod/20260909_batched/driver_detached.txt', LF will be replaced by CRLF the next time Git touches it
warning: in the working copy of '_verify/hlod/20260909_batched/batch_06.log', LF will be replaced by CRLF the next time Git touches it
warning: in the working copy of '_verify/hlod/20260909_batched/batches.json', CRLF will be replaced by LF the next time Git touches it
warning: in the working copy of '_verify/hlod/20260909_batched/driver_detached.err', LF will be replaced by CRLF the next time Git touches it
warning: in the working copy of '_verify/hlod/20260909_batched/driver_detached.txt', LF will be replaced by CRLF the next time Git touches it
warning: in the working copy of '_verify/hlod/20260909_batched/batch_07.log', LF will be replaced by CRLF the next time Git touches it
warning: in the working copy of '_verify/hlod/20260909_batched/batches.json', CRLF will be replaced by LF the next time Git touches it
warning: in the working copy of '_verify/hlod/20260909_batched/driver_detached.err', LF will be replaced by CRLF the next time Git touches it
warning: in the working copy of '_verify/hlod/20260909_batched/driver_detached.txt', LF will be replaced by CRLF the next time Git touches it
warning: in the working copy of '_verify/hlod/20260909_batched/batch_08.log', LF will be replaced by CRLF the next time Git touches it
warning: in the working copy of '_verify/hlod/20260909_batched/batches.json', CRLF will be replaced by LF the next time Git touches it
warning: in the working copy of '_verify/hlod/20260909_batched/driver_detached.err', LF will be replaced by CRLF the next time Git touches it
warning: in the working copy of '_verify/hlod/20260909_batched/driver_detached.txt', LF will be replaced by CRLF the next time Git touches it
warning: in the working copy of '_verify/hlod/20260909_batched/batch_09.log', LF will be replaced by CRLF the next time Git touches it
warning: in the working copy of '_verify/hlod/20260909_batched/batches.json', CRLF will be replaced by LF the next time Git touches it
warning: in the working copy of '_verify/hlod/20260909_batched/driver_detached.err', LF will be replaced by CRLF the next time Git touches it
warning: in the working copy of '_verify/hlod/20260909_batched/driver_detached.txt', LF will be replaced by CRLF the next time Git touches it
warning: in the working copy of '_verify/hlod/20260909_batched/batch_09_retry.log', LF will be replaced by CRLF the next time Git touches it
STOP: batch 9 failed TWICE. Cell in flight: Alpine8K_HLODLayer_Merged/Alpine8K_HLODLayer_Instanced_L0_X0_Y15. Reason: reserved_resource. VRAM at fault: 7403.46 MiB. Peak VRAM: 15931 MiB.
