
=== batch_00 (attempt 1) [NO FORCE] ===
    cells in section: 91   stale(MeshMerge(1)) now: 0
    [  0.2 min] 0/0  approve=0 reject=0  vram=225 peak=225  -
    [  0.5 min] 5/91  approve=2 reject=3  vram=1732 peak=1732  Alpine8K_HLODLayer_Merged/Alpine8K_HLODLayer_Instanced_L0_X-9_Y11
    [  0.8 min] 5/91  approve=2 reject=3  vram=3172 peak=3172  Alpine8K_HLODLayer_Merged/Alpine8K_HLODLayer_Instanced_L0_X-9_Y11
    [  1.2 min] 5/91  approve=2 reject=3  vram=3173 peak=3173  Alpine8K_HLODLayer_Merged/Alpine8K_HLODLayer_Instanced_L0_X-9_Y11
    [  1.5 min] 5/91  approve=2 reject=3  vram=3173 peak=3173  Alpine8K_HLODLayer_Merged/Alpine8K_HLODLayer_Instanced_L0_X-9_Y11
    [  1.9 min] 5/91  approve=2 reject=3  vram=3173 peak=3173  Alpine8K_HLODLayer_Merged/Alpine8K_HLODLayer_Instanced_L0_X-9_Y11
    [  2.2 min] 5/91  approve=2 reject=3  vram=3173 peak=3173  Alpine8K_HLODLayer_Merged/Alpine8K_HLODLayer_Instanced_L0_X-9_Y11
    [  2.5 min] 6/91  approve=2 reject=3  vram=3206 peak=3206  Alpine8K_HLODLayer_Instanced/Alpine8K_MainPartition_L0_X-19_Y-19
    [  2.9 min] 7/91  approve=4 reject=3  vram=3254 peak=3254  Alpine8K_HLODLayer_Merged/Alpine8K_HLODLayer_Instanced_L0_X-10_Y-10
    [  3.2 min] 9/91  approve=6 reject=3  vram=5725 peak=6311  Alpine8K_HLODLayer_Merged/Alpine8K_HLODLayer_Instanced_L1_X0_Y4
    [  3.5 min] 9/91  approve=6 reject=3  vram=5725 peak=6311  Alpine8K_HLODLayer_Merged/Alpine8K_HLODLayer_Instanced_L1_X0_Y4
    [  3.9 min] 11/91  approve=8 reject=3  vram=5645 peak=6311  Alpine8K_HLODLayer_Merged/Alpine8K_HLODLayer_Instanced_L0_X-6_Y-3
    [  4.2 min] 11/91  approve=8 reject=3  vram=5694 peak=6311  Alpine8K_HLODLayer_Merged/Alpine8K_HLODLayer_Instanced_L0_X-6_Y-3
    [  4.6 min] 11/91  approve=8 reject=3  vram=5694 peak=6311  Alpine8K_HLODLayer_Merged/Alpine8K_HLODLayer_Instanced_L0_X-6_Y-3
    [  4.9 min] 11/91  approve=8 reject=3  vram=5694 peak=6311  Alpine8K_HLODLayer_Merged/Alpine8K_HLODLayer_Instanced_L0_X-6_Y-3
    [  5.2 min] 11/91  approve=8 reject=3  vram=5694 peak=6311  Alpine8K_HLODLayer_Merged/Alpine8K_HLODLayer_Instanced_L0_X-6_Y-3
    [  5.6 min] 13/91  approve=10 reject=3  vram=5694 peak=6311  Alpine8K_HLODLayer_Merged/Alpine8K_HLODLayer_Instanced_L0_X-10_Y-6
    [  5.9 min] 13/91  approve=10 reject=3  vram=5742 peak=6311  Alpine8K_HLODLayer_Merged/Alpine8K_HLODLayer_Instanced_L0_X-10_Y-6
    [  6.3 min] 13/91  approve=10 reject=3  vram=5742 peak=6311  Alpine8K_HLODLayer_Merged/Alpine8K_HLODLayer_Instanced_L0_X-10_Y-6
    [  6.6 min] 13/91  approve=10 reject=3  vram=5742 peak=6311  Alpine8K_HLODLayer_Merged/Alpine8K_HLODLayer_Instanced_L0_X-10_Y-6
    [  6.9 min] 13/91  approve=10 reject=3  vram=5742 peak=6311  Alpine8K_HLODLayer_Merged/Alpine8K_HLODLayer_Instanced_L0_X-10_Y-6
    [  7.3 min] 13/91  approve=10 reject=3  vram=5742 peak=6311  Alpine8K_HLODLayer_Merged/Alpine8K_HLODLayer_Instanced_L0_X-10_Y-6
    [  7.6 min] 13/91  approve=10 reject=3  vram=5742 peak=6311  Alpine8K_HLODLayer_Merged/Alpine8K_HLODLayer_Instanced_L0_X-10_Y-6
    [  7.9 min] 13/91  approve=10 reject=3  vram=5742 peak=6311  Alpine8K_HLODLayer_Merged/Alpine8K_HLODLayer_Instanced_L0_X-10_Y-6
    [  8.3 min] 13/91  approve=10 reject=3  vram=5742 peak=6311  Alpine8K_HLODLayer_Merged/Alpine8K_HLODLayer_Instanced_L0_X-10_Y-6
    [  8.6 min] 13/91  approve=10 reject=3  vram=5742 peak=6311  Alpine8K_HLODLayer_Merged/Alpine8K_HLODLayer_Instanced_L0_X-10_Y-6
    [  9.0 min] 15/91  approve=12 reject=3  vram=5791 peak=6311  Alpine8K_HLODLayer_Merged/Alpine8K_HLODLayer_Instanced_L0_X-9_Y7
    [  9.3 min] 15/91  approve=12 reject=3  vram=5791 peak=6311  Alpine8K_HLODLayer_Merged/Alpine8K_HLODLayer_Instanced_L0_X-9_Y7
    [  9.6 min] 17/91  approve=14 reject=3  vram=5791 peak=6311  Alpine8K_HLODLayer_Merged/Alpine8K_HLODLayer_Instanced_L0_X-4_Y-14
    [ 10.0 min] 17/91  approve=14 reject=3  vram=5839 peak=6311  Alpine8K_HLODLayer_Merged/Alpine8K_HLODLayer_Instanced_L0_X-4_Y-14
    [ 10.3 min] 17/91  approve=14 reject=3  vram=5839 peak=6311  Alpine8K_HLODLayer_Merged/Alpine8K_HLODLayer_Instanced_L0_X-4_Y-14
    [ 10.7 min] 17/91  approve=14 reject=3  vram=5839 peak=6311  Alpine8K_HLODLayer_Merged/Alpine8K_HLODLayer_Instanced_L0_X-4_Y-14
    [ 11.0 min] 17/91  approve=14 reject=3  vram=5839 peak=6311  Alpine8K_HLODLayer_Merged/Alpine8K_HLODLayer_Instanced_L0_X-4_Y-14
    [ 11.3 min] 17/91  approve=14 reject=3  vram=5839 peak=6311  Alpine8K_HLODLayer_Merged/Alpine8K_HLODLayer_Instanced_L0_X-4_Y-14
    [ 11.7 min] 17/91  approve=14 reject=3  vram=5839 peak=6311  Alpine8K_HLODLayer_Merged/Alpine8K_HLODLayer_Instanced_L0_X-4_Y-14
    [ 12.0 min] 19/91  approve=16 reject=3  vram=7275 peak=7990  Alpine8K_HLODLayer_Merged/Alpine8K_HLODLayer_Instanced_L1_X6_Y4
    [ 12.3 min] 19/91  approve=16 reject=3  vram=7275 peak=7990  Alpine8K_HLODLayer_Merged/Alpine8K_HLODLayer_Instanced_L1_X6_Y4
    [ 12.7 min] 19/91  approve=16 reject=3  vram=7275 peak=7990  Alpine8K_HLODLayer_Merged/Alpine8K_HLODLayer_Instanced_L1_X6_Y4
    [ 13.0 min] 21/91  approve=18 reject=3  vram=8404 peak=9088  Alpine8K_HLODLayer_Merged/Alpine8K_HLODLayer_Instanced_L1_X6_Y5
    [ 13.3 min] 21/91  approve=18 reject=3  vram=8404 peak=9088  Alpine8K_HLODLayer_Merged/Alpine8K_HLODLayer_Instanced_L1_X6_Y5
    [ 13.7 min] 21/91  approve=18 reject=3  vram=8404 peak=9088  Alpine8K_HLODLayer_Merged/Alpine8K_HLODLayer_Instanced_L1_X6_Y5
    [ 14.0 min] 23/91  approve=20 reject=3  vram=9469 peak=9469  Alpine8K_HLODLayer_Merged/Alpine8K_HLODLayer_Instanced_L1_X-3_Y4
    [ 14.3 min] 23/91  approve=20 reject=3  vram=9469 peak=9469  Alpine8K_HLODLayer_Merged/Alpine8K_HLODLayer_Instanced_L1_X-3_Y4
    [ 14.7 min] 23/91  approve=20 reject=3  vram=9469 peak=9469  Alpine8K_HLODLayer_Merged/Alpine8K_HLODLayer_Instanced_L1_X-3_Y4
    [ 15.0 min] 25/91  approve=22 reject=3  vram=10310 peak=10310  Alpine8K_HLODLayer_Merged/Alpine8K_HLODLayer_Instanced_L1_X2_Y1
    [ 15.4 min] 25/91  approve=22 reject=3  vram=10310 peak=10310  Alpine8K_HLODLayer_Merged/Alpine8K_HLODLayer_Instanced_L1_X2_Y1
    [ 15.7 min] 27/91  approve=24 reject=3  vram=10230 peak=10310  Alpine8K_HLODLayer_Merged/Alpine8K_HLODLayer_Instanced_L0_X-8_Y6
    [ 16.0 min] 27/91  approve=24 reject=3  vram=10278 peak=10310  Alpine8K_HLODLayer_Merged/Alpine8K_HLODLayer_Instanced_L0_X-8_Y6
    [ 16.4 min] 27/91  approve=24 reject=3  vram=10278 peak=10310  Alpine8K_HLODLayer_Merged/Alpine8K_HLODLayer_Instanced_L0_X-8_Y6
    [ 16.7 min] 27/91  approve=24 reject=3  vram=10278 peak=10310  Alpine8K_HLODLayer_Merged/Alpine8K_HLODLayer_Instanced_L0_X-8_Y6
    [ 17.0 min] 29/91  approve=26 reject=3  vram=10310 peak=10310  Alpine8K_HLODLayer_Merged/Alpine8K_HLODLayer_Instanced_L0_X5_Y-3
    [ 17.4 min] 29/91  approve=26 reject=3  vram=10310 peak=10310  Alpine8K_HLODLayer_Merged/Alpine8K_HLODLayer_Instanced_L0_X5_Y-3
    [ 17.7 min] 29/91  approve=26 reject=3  vram=10359 peak=10359  Alpine8K_HLODLayer_Merged/Alpine8K_HLODLayer_Instanced_L0_X5_Y-3
    [ 18.1 min] 29/91  approve=26 reject=3  vram=10359 peak=10359  Alpine8K_HLODLayer_Merged/Alpine8K_HLODLayer_Instanced_L0_X5_Y-3
    [ 18.4 min] 29/91  approve=26 reject=3  vram=10359 peak=10359  Alpine8K_HLODLayer_Merged/Alpine8K_HLODLayer_Instanced_L0_X5_Y-3
    [ 18.7 min] 29/91  approve=26 reject=3  vram=10359 peak=10359  Alpine8K_HLODLayer_Merged/Alpine8K_HLODLayer_Instanced_L0_X5_Y-3
    [ 19.1 min] 29/91  approve=26 reject=3  vram=10359 peak=10359  Alpine8K_HLODLayer_Merged/Alpine8K_HLODLayer_Instanced_L0_X5_Y-3
    [ 19.4 min] 29/91  approve=26 reject=3  vram=10359 peak=10359  Alpine8K_HLODLayer_Merged/Alpine8K_HLODLayer_Instanced_L0_X5_Y-3
    [ 19.8 min] 29/91  approve=26 reject=3  vram=10359 peak=10359  Alpine8K_HLODLayer_Merged/Alpine8K_HLODLayer_Instanced_L0_X5_Y-3
    [ 20.1 min] 29/91  approve=26 reject=3  vram=10359 peak=10359  Alpine8K_HLODLayer_Merged/Alpine8K_HLODLayer_Instanced_L0_X5_Y-3
    [ 20.4 min] 29/91  approve=26 reject=3  vram=10359 peak=10359  Alpine8K_HLODLayer_Merged/Alpine8K_HLODLayer_Instanced_L0_X5_Y-3
    [ 20.8 min] 29/91  approve=26 reject=3  vram=10359 peak=10359  Alpine8K_HLODLayer_Merged/Alpine8K_HLODLayer_Instanced_L0_X5_Y-3
    [ 21.1 min] 29/91  approve=26 reject=3  vram=10359 peak=10359  Alpine8K_HLODLayer_Merged/Alpine8K_HLODLayer_Instanced_L0_X5_Y-3
    [ 21.4 min] 29/91  approve=26 reject=3  vram=10359 peak=10359  Alpine8K_HLODLayer_Merged/Alpine8K_HLODLayer_Instanced_L0_X5_Y-3
    [ 21.8 min] 29/91  approve=26 reject=3  vram=10359 peak=10359  Alpine8K_HLODLayer_Merged/Alpine8K_HLODLayer_Instanced_L0_X5_Y-3
    [ 22.1 min] 29/91  approve=26 reject=3  vram=10359 peak=10359  Alpine8K_HLODLayer_Merged/Alpine8K_HLODLayer_Instanced_L0_X5_Y-3
    [ 22.4 min] 31/91  approve=28 reject=3  vram=10407 peak=10407  Alpine8K_HLODLayer_Merged/Alpine8K_HLODLayer_Instanced_L0_X-8_Y1
    [ 22.8 min] 31/91  approve=28 reject=3  vram=10407 peak=10407  Alpine8K_HLODLayer_Merged/Alpine8K_HLODLayer_Instanced_L0_X-8_Y1
    [ 23.1 min] 33/91  approve=30 reject=3  vram=10407 peak=10407  Alpine8K_HLODLayer_Merged/Alpine8K_HLODLayer_Instanced_L0_X15_Y-9
    [ 23.5 min] 33/91  approve=30 reject=3  vram=10407 peak=10407  Alpine8K_HLODLayer_Merged/Alpine8K_HLODLayer_Instanced_L0_X15_Y-9
    [ 23.8 min] 33/91  approve=30 reject=3  vram=10455 peak=10455  Alpine8K_HLODLayer_Merged/Alpine8K_HLODLayer_Instanced_L0_X15_Y-9
    [ 24.1 min] 33/91  approve=30 reject=3  vram=10455 peak=10455  Alpine8K_HLODLayer_Merged/Alpine8K_HLODLayer_Instanced_L0_X15_Y-9
    [ 24.5 min] 33/91  approve=30 reject=3  vram=10455 peak=10455  Alpine8K_HLODLayer_Merged/Alpine8K_HLODLayer_Instanced_L0_X15_Y-9
    [ 24.8 min] 33/91  approve=30 reject=3  vram=10455 peak=10455  Alpine8K_HLODLayer_Merged/Alpine8K_HLODLayer_Instanced_L0_X15_Y-9
    [ 25.2 min] 33/91  approve=30 reject=3  vram=10455 peak=10455  Alpine8K_HLODLayer_Merged/Alpine8K_HLODLayer_Instanced_L0_X15_Y-9
    [ 25.5 min] 33/91  approve=30 reject=3  vram=10455 peak=10455  Alpine8K_HLODLayer_Merged/Alpine8K_HLODLayer_Instanced_L0_X15_Y-9
    [ 25.8 min] 33/91  approve=30 reject=3  vram=10455 peak=10455  Alpine8K_HLODLayer_Merged/Alpine8K_HLODLayer_Instanced_L0_X15_Y-9
    [ 26.2 min] 33/91  approve=30 reject=3  vram=10455 peak=10455  Alpine8K_HLODLayer_Merged/Alpine8K_HLODLayer_Instanced_L0_X15_Y-9
    [ 26.5 min] 33/91  approve=30 reject=3  vram=10455 peak=10455  Alpine8K_HLODLayer_Merged/Alpine8K_HLODLayer_Instanced_L0_X15_Y-9
    [ 26.8 min] 33/91  approve=30 reject=3  vram=10455 peak=10455  Alpine8K_HLODLayer_Merged/Alpine8K_HLODLayer_Instanced_L0_X15_Y-9
    [ 27.2 min] 33/91  approve=30 reject=3  vram=10455 peak=10455  Alpine8K_HLODLayer_Merged/Alpine8K_HLODLayer_Instanced_L0_X15_Y-9
    [ 27.5 min] 33/91  approve=30 reject=3  vram=10455 peak=10455  Alpine8K_HLODLayer_Merged/Alpine8K_HLODLayer_Instanced_L0_X15_Y-9
    [ 27.8 min] 35/91  approve=32 reject=3  vram=10199 peak=10455  Alpine8K_HLODLayer_Merged/Alpine8K_HLODLayer_Instanced_L0_X-10_Y-4
    [ 28.2 min] 35/91  approve=32 reject=3  vram=10199 peak=10455  Alpine8K_HLODLayer_Merged/Alpine8K_HLODLayer_Instanced_L0_X-10_Y-4
    [ 28.5 min] 35/91  approve=32 reject=3  vram=10247 peak=10455  Alpine8K_HLODLayer_Merged/Alpine8K_HLODLayer_Instanced_L0_X-10_Y-4
    [ 28.9 min] 35/91  approve=32 reject=3  vram=10247 peak=10455  Alpine8K_HLODLayer_Merged/Alpine8K_HLODLayer_Instanced_L0_X-10_Y-4
    [ 29.2 min] 35/91  approve=32 reject=3  vram=10247 peak=10455  Alpine8K_HLODLayer_Merged/Alpine8K_HLODLayer_Instanced_L0_X-10_Y-4
    [ 29.5 min] 35/91  approve=32 reject=3  vram=10247 peak=10455  Alpine8K_HLODLayer_Merged/Alpine8K_HLODLayer_Instanced_L0_X-10_Y-4
    [ 29.9 min] 35/91  approve=32 reject=3  vram=10247 peak=10455  Alpine8K_HLODLayer_Merged/Alpine8K_HLODLayer_Instanced_L0_X-10_Y-4
    [ 30.2 min] 37/91  approve=34 reject=3  vram=10247 peak=10455  Alpine8K_HLODLayer_Merged/Alpine8K_HLODLayer_Instanced_L0_X-16_Y4
    [ 30.6 min] 37/91  approve=34 reject=3  vram=10247 peak=10455  Alpine8K_HLODLayer_Merged/Alpine8K_HLODLayer_Instanced_L0_X-16_Y4
    [ 30.9 min] 37/91  approve=34 reject=3  vram=10296 peak=10455  Alpine8K_HLODLayer_Merged/Alpine8K_HLODLayer_Instanced_L0_X-16_Y4
    [ 31.3 min] 37/91  approve=34 reject=3  vram=10296 peak=10455  Alpine8K_HLODLayer_Merged/Alpine8K_HLODLayer_Instanced_L0_X-16_Y4
    [ 31.6 min] 37/91  approve=34 reject=3  vram=10296 peak=10455  Alpine8K_HLODLayer_Merged/Alpine8K_HLODLayer_Instanced_L0_X-16_Y4
    [ 31.9 min] 37/91  approve=34 reject=3  vram=10296 peak=10455  Alpine8K_HLODLayer_Merged/Alpine8K_HLODLayer_Instanced_L0_X-16_Y4
    [ 32.3 min] 37/91  approve=34 reject=3  vram=10296 peak=10455  Alpine8K_HLODLayer_Merged/Alpine8K_HLODLayer_Instanced_L0_X-16_Y4
    [ 32.6 min] 37/91  approve=34 reject=3  vram=10296 peak=10455  Alpine8K_HLODLayer_Merged/Alpine8K_HLODLayer_Instanced_L0_X-16_Y4
    [ 32.9 min] 37/91  approve=34 reject=3  vram=10296 peak=10455  Alpine8K_HLODLayer_Merged/Alpine8K_HLODLayer_Instanced_L0_X-16_Y4
    [ 33.3 min] 37/91  approve=34 reject=3  vram=10296 peak=10455  Alpine8K_HLODLayer_Merged/Alpine8K_HLODLayer_Instanced_L0_X-16_Y4
    [ 33.6 min] 37/91  approve=34 reject=3  vram=10296 peak=10455  Alpine8K_HLODLayer_Merged/Alpine8K_HLODLayer_Instanced_L0_X-16_Y4
    [ 34.0 min] 37/91  approve=34 reject=3  vram=10296 peak=10455  Alpine8K_HLODLayer_Merged/Alpine8K_HLODLayer_Instanced_L0_X-16_Y4
    [ 34.3 min] 37/91  approve=34 reject=3  vram=10296 peak=10455  Alpine8K_HLODLayer_Merged/Alpine8K_HLODLayer_Instanced_L0_X-16_Y4
    [ 34.6 min] 37/91  approve=34 reject=3  vram=10296 peak=10455  Alpine8K_HLODLayer_Merged/Alpine8K_HLODLayer_Instanced_L0_X-16_Y4
    [ 35.0 min] 37/91  approve=34 reject=3  vram=10296 peak=10455  Alpine8K_HLODLayer_Merged/Alpine8K_HLODLayer_Instanced_L0_X-16_Y4
    [ 35.3 min] 37/91  approve=34 reject=3  vram=10296 peak=10455  Alpine8K_HLODLayer_Merged/Alpine8K_HLODLayer_Instanced_L0_X-16_Y4
    [ 35.6 min] 37/91  approve=34 reject=3  vram=10296 peak=10455  Alpine8K_HLODLayer_Merged/Alpine8K_HLODLayer_Instanced_L0_X-16_Y4
    [ 36.0 min] 39/91  approve=36 reject=3  vram=10296 peak=10455  Alpine8K_HLODLayer_Merged/Alpine8K_HLODLayer_Instanced_L0_X-15_Y7
    [ 36.3 min] 39/91  approve=36 reject=3  vram=10296 peak=10455  Alpine8K_HLODLayer_Merged/Alpine8K_HLODLayer_Instanced_L0_X-15_Y7
    [ 36.7 min] 39/91  approve=36 reject=3  vram=10344 peak=10455  Alpine8K_HLODLayer_Merged/Alpine8K_HLODLayer_Instanced_L0_X-15_Y7
    [ 37.0 min] 39/91  approve=36 reject=3  vram=10344 peak=10455  Alpine8K_HLODLayer_Merged/Alpine8K_HLODLayer_Instanced_L0_X-15_Y7
    [ 37.3 min] 39/91  approve=36 reject=3  vram=10344 peak=10455  Alpine8K_HLODLayer_Merged/Alpine8K_HLODLayer_Instanced_L0_X-15_Y7
    [ 37.7 min] 39/91  approve=36 reject=3  vram=10344 peak=10455  Alpine8K_HLODLayer_Merged/Alpine8K_HLODLayer_Instanced_L0_X-15_Y7
    [ 38.0 min] 39/91  approve=36 reject=3  vram=10344 peak=10455  Alpine8K_HLODLayer_Merged/Alpine8K_HLODLayer_Instanced_L0_X-15_Y7
    [ 38.3 min] 39/91  approve=36 reject=3  vram=10344 peak=10455  Alpine8K_HLODLayer_Merged/Alpine8K_HLODLayer_Instanced_L0_X-15_Y7
    [ 38.7 min] 39/91  approve=36 reject=3  vram=10344 peak=10455  Alpine8K_HLODLayer_Merged/Alpine8K_HLODLayer_Instanced_L0_X-15_Y7
    [ 39.0 min] 39/91  approve=36 reject=3  vram=10344 peak=10455  Alpine8K_HLODLayer_Merged/Alpine8K_HLODLayer_Instanced_L0_X-15_Y7
    [ 39.4 min] 39/91  approve=36 reject=3  vram=10344 peak=10455  Alpine8K_HLODLayer_Merged/Alpine8K_HLODLayer_Instanced_L0_X-15_Y7
    [ 39.7 min] 39/91  approve=36 reject=3  vram=10344 peak=10455  Alpine8K_HLODLayer_Merged/Alpine8K_HLODLayer_Instanced_L0_X-15_Y7
    [ 40.0 min] 39/91  approve=36 reject=3  vram=10344 peak=10455  Alpine8K_HLODLayer_Merged/Alpine8K_HLODLayer_Instanced_L0_X-15_Y7
    [ 40.4 min] 39/91  approve=36 reject=3  vram=10344 peak=10455  Alpine8K_HLODLayer_Merged/Alpine8K_HLODLayer_Instanced_L0_X-15_Y7
    [ 40.7 min] 39/91  approve=36 reject=3  vram=10344 peak=10455  Alpine8K_HLODLayer_Merged/Alpine8K_HLODLayer_Instanced_L0_X-15_Y7
    [ 41.0 min] 41/91  approve=38 reject=3  vram=10216 peak=10455  Alpine8K_HLODLayer_Merged/Alpine8K_HLODLayer_Instanced_L0_X8_Y2
    [ 41.4 min] 41/91  approve=38 reject=3  vram=10216 peak=10455  Alpine8K_HLODLayer_Merged/Alpine8K_HLODLayer_Instanced_L0_X8_Y2
    [ 41.7 min] 41/91  approve=38 reject=3  vram=10264 peak=10455  Alpine8K_HLODLayer_Merged/Alpine8K_HLODLayer_Instanced_L0_X8_Y2
    [ 42.1 min] 41/91  approve=38 reject=3  vram=10264 peak=10455  Alpine8K_HLODLayer_Merged/Alpine8K_HLODLayer_Instanced_L0_X8_Y2
    [ 42.4 min] 41/91  approve=38 reject=3  vram=10264 peak=10455  Alpine8K_HLODLayer_Merged/Alpine8K_HLODLayer_Instanced_L0_X8_Y2
    [ 42.7 min] 41/91  approve=38 reject=3  vram=10264 peak=10455  Alpine8K_HLODLayer_Merged/Alpine8K_HLODLayer_Instanced_L0_X8_Y2
    [ 43.1 min] 41/91  approve=38 reject=3  vram=10264 peak=10455  Alpine8K_HLODLayer_Merged/Alpine8K_HLODLayer_Instanced_L0_X8_Y2
    [ 43.4 min] 41/91  approve=38 reject=3  vram=10264 peak=10455  Alpine8K_HLODLayer_Merged/Alpine8K_HLODLayer_Instanced_L0_X8_Y2
    [ 43.7 min] 41/91  approve=38 reject=3  vram=10264 peak=10455  Alpine8K_HLODLayer_Merged/Alpine8K_HLODLayer_Instanced_L0_X8_Y2
    [ 44.1 min] 41/91  approve=38 reject=3  vram=10264 peak=10455  Alpine8K_HLODLayer_Merged/Alpine8K_HLODLayer_Instanced_L0_X8_Y2
    [ 44.4 min] 41/91  approve=38 reject=3  vram=10264 peak=10455  Alpine8K_HLODLayer_Merged/Alpine8K_HLODLayer_Instanced_L0_X8_Y2
    [ 44.8 min] 41/91  approve=38 reject=3  vram=10264 peak=10455  Alpine8K_HLODLayer_Merged/Alpine8K_HLODLayer_Instanced_L0_X8_Y2
    [ 45.1 min] 43/91  approve=40 reject=3  vram=9976 peak=10455  Alpine8K_HLODLayer_Merged/Alpine8K_HLODLayer_Instanced_L0_X-16_Y3
    [ 45.4 min] 43/91  approve=40 reject=3  vram=9976 peak=10455  Alpine8K_HLODLayer_Merged/Alpine8K_HLODLayer_Instanced_L0_X-16_Y3
    [ 45.8 min] 43/91  approve=40 reject=3  vram=10025 peak=10455  Alpine8K_HLODLayer_Merged/Alpine8K_HLODLayer_Instanced_L0_X-16_Y3
    [ 46.1 min] 43/91  approve=40 reject=3  vram=10025 peak=10455  Alpine8K_HLODLayer_Merged/Alpine8K_HLODLayer_Instanced_L0_X-16_Y3
    [ 46.5 min] 43/91  approve=40 reject=3  vram=10025 peak=10455  Alpine8K_HLODLayer_Merged/Alpine8K_HLODLayer_Instanced_L0_X-16_Y3
    [ 46.8 min] 43/91  approve=40 reject=3  vram=10025 peak=10455  Alpine8K_HLODLayer_Merged/Alpine8K_HLODLayer_Instanced_L0_X-16_Y3
    [ 47.1 min] 43/91  approve=40 reject=3  vram=10025 peak=10455  Alpine8K_HLODLayer_Merged/Alpine8K_HLODLayer_Instanced_L0_X-16_Y3
    [ 47.5 min] 43/91  approve=40 reject=3  vram=10025 peak=10455  Alpine8K_HLODLayer_Merged/Alpine8K_HLODLayer_Instanced_L0_X-16_Y3
    [ 47.8 min] 43/91  approve=40 reject=3  vram=10025 peak=10455  Alpine8K_HLODLayer_Merged/Alpine8K_HLODLayer_Instanced_L0_X-16_Y3
    [ 48.1 min] 43/91  approve=40 reject=3  vram=10025 peak=10455  Alpine8K_HLODLayer_Merged/Alpine8K_HLODLayer_Instanced_L0_X-16_Y3
    [ 48.5 min] 43/91  approve=40 reject=3  vram=10025 peak=10455  Alpine8K_HLODLayer_Merged/Alpine8K_HLODLayer_Instanced_L0_X-16_Y3
    [ 48.8 min] 43/91  approve=40 reject=3  vram=10025 peak=10455  Alpine8K_HLODLayer_Merged/Alpine8K_HLODLayer_Instanced_L0_X-16_Y3
    [ 49.1 min] 43/91  approve=40 reject=3  vram=10025 peak=10455  Alpine8K_HLODLayer_Merged/Alpine8K_HLODLayer_Instanced_L0_X-16_Y3
    [ 49.5 min] 43/91  approve=40 reject=3  vram=10025 peak=10455  Alpine8K_HLODLayer_Merged/Alpine8K_HLODLayer_Instanced_L0_X-16_Y3
    [ 49.8 min] 43/91  approve=40 reject=3  vram=10025 peak=10455  Alpine8K_HLODLayer_Merged/Alpine8K_HLODLayer_Instanced_L0_X-16_Y3
    [ 50.2 min] 45/91  approve=42 reject=3  vram=11810 peak=11810  Alpine8K_HLODLayer_Merged/Alpine8K_HLODLayer_Instanced_L1_X-8_Y1
    [ 50.5 min] 45/91  approve=42 reject=3  vram=11810 peak=11810  Alpine8K_HLODLayer_Merged/Alpine8K_HLODLayer_Instanced_L1_X-8_Y1
    [ 50.8 min] 45/91  approve=42 reject=3  vram=11810 peak=11810  Alpine8K_HLODLayer_Merged/Alpine8K_HLODLayer_Instanced_L1_X-8_Y1
    [ 51.2 min] 47/91  approve=44 reject=3  vram=11698 peak=11810  Alpine8K_HLODLayer_Merged/Alpine8K_HLODLayer_Instanced_L0_X-11_Y2
    [ 51.5 min] 47/91  approve=44 reject=3  vram=11746 peak=11810  Alpine8K_HLODLayer_Merged/Alpine8K_HLODLayer_Instanced_L0_X-11_Y2
    [ 51.8 min] 47/91  approve=44 reject=3  vram=11746 peak=11810  Alpine8K_HLODLayer_Merged/Alpine8K_HLODLayer_Instanced_L0_X-11_Y2
    [ 52.2 min] 47/91  approve=44 reject=3  vram=11746 peak=11810  Alpine8K_HLODLayer_Merged/Alpine8K_HLODLayer_Instanced_L0_X-11_Y2
    [ 52.5 min] 49/91  approve=46 reject=3  vram=11746 peak=11810  Alpine8K_HLODLayer_Merged/Alpine8K_HLODLayer_Instanced_L0_X-16_Y-14
    [ 52.9 min] 49/91  approve=46 reject=3  vram=11746 peak=11810  Alpine8K_HLODLayer_Merged/Alpine8K_HLODLayer_Instanced_L0_X-16_Y-14
    [ 53.2 min] 49/91  approve=46 reject=3  vram=11794 peak=11810  Alpine8K_HLODLayer_Merged/Alpine8K_HLODLayer_Instanced_L0_X-16_Y-14
    [ 53.5 min] 49/91  approve=46 reject=3  vram=11794 peak=11810  Alpine8K_HLODLayer_Merged/Alpine8K_HLODLayer_Instanced_L0_X-16_Y-14
    [ 53.9 min] 49/91  approve=46 reject=3  vram=11794 peak=11810  Alpine8K_HLODLayer_Merged/Alpine8K_HLODLayer_Instanced_L0_X-16_Y-14
    [ 54.2 min] 49/91  approve=46 reject=3  vram=11794 peak=11810  Alpine8K_HLODLayer_Merged/Alpine8K_HLODLayer_Instanced_L0_X-16_Y-14
    [ 54.5 min] 49/91  approve=46 reject=3  vram=11794 peak=11810  Alpine8K_HLODLayer_Merged/Alpine8K_HLODLayer_Instanced_L0_X-16_Y-14
    [ 54.9 min] 49/91  approve=46 reject=3  vram=11794 peak=11810  Alpine8K_HLODLayer_Merged/Alpine8K_HLODLayer_Instanced_L0_X-16_Y-14
    [ 55.2 min] 49/91  approve=46 reject=3  vram=11794 peak=11810  Alpine8K_HLODLayer_Merged/Alpine8K_HLODLayer_Instanced_L0_X-16_Y-14
    [ 55.5 min] 49/91  approve=46 reject=3  vram=11794 peak=11810  Alpine8K_HLODLayer_Merged/Alpine8K_HLODLayer_Instanced_L0_X-16_Y-14
    [ 55.9 min] 49/91  approve=46 reject=3  vram=11794 peak=11810  Alpine8K_HLODLayer_Merged/Alpine8K_HLODLayer_Instanced_L0_X-16_Y-14
    [ 56.2 min] 49/91  approve=46 reject=3  vram=11794 peak=11810  Alpine8K_HLODLayer_Merged/Alpine8K_HLODLayer_Instanced_L0_X-16_Y-14
    [ 56.6 min] 49/91  approve=46 reject=3  vram=11794 peak=11810  Alpine8K_HLODLayer_Merged/Alpine8K_HLODLayer_Instanced_L0_X-16_Y-14
    [ 56.9 min] 49/91  approve=46 reject=3  vram=11794 peak=11810  Alpine8K_HLODLayer_Merged/Alpine8K_HLODLayer_Instanced_L0_X-16_Y-14
    [ 57.2 min] 49/91  approve=46 reject=3  vram=11794 peak=11810  Alpine8K_HLODLayer_Merged/Alpine8K_HLODLayer_Instanced_L0_X-16_Y-14
    [ 57.6 min] 51/91  approve=48 reject=3  vram=11794 peak=11810  Alpine8K_HLODLayer_Merged/Alpine8K_HLODLayer_Instanced_L0_X-1_Y5
    [ 57.9 min] 51/91  approve=48 reject=3  vram=11843 peak=11843  Alpine8K_HLODLayer_Merged/Alpine8K_HLODLayer_Instanced_L0_X-1_Y5
    [ 58.2 min] 51/91  approve=48 reject=3  vram=11843 peak=11843  Alpine8K_HLODLayer_Merged/Alpine8K_HLODLayer_Instanced_L0_X-1_Y5
    [ 58.6 min] 53/91  approve=50 reject=3  vram=11843 peak=11843  Alpine8K_HLODLayer_Merged/Alpine8K_HLODLayer_Instanced_L0_X6_Y-8
    [ 58.9 min] 53/91  approve=50 reject=3  vram=11891 peak=11891  Alpine8K_HLODLayer_Merged/Alpine8K_HLODLayer_Instanced_L0_X6_Y-8
    [ 59.3 min] 53/91  approve=50 reject=3  vram=11891 peak=11891  Alpine8K_HLODLayer_Merged/Alpine8K_HLODLayer_Instanced_L0_X6_Y-8
    [ 59.6 min] 53/91  approve=50 reject=3  vram=11891 peak=11891  Alpine8K_HLODLayer_Merged/Alpine8K_HLODLayer_Instanced_L0_X6_Y-8
    [ 59.9 min] 53/91  approve=50 reject=3  vram=11891 peak=11891  Alpine8K_HLODLayer_Merged/Alpine8K_HLODLayer_Instanced_L0_X6_Y-8
    [ 60.3 min] 53/91  approve=50 reject=3  vram=11891 peak=11891  Alpine8K_HLODLayer_Merged/Alpine8K_HLODLayer_Instanced_L0_X6_Y-8
    [ 60.6 min] 53/91  approve=50 reject=3  vram=11891 peak=11891  Alpine8K_HLODLayer_Merged/Alpine8K_HLODLayer_Instanced_L0_X6_Y-8
    [ 60.9 min] 53/91  approve=50 reject=3  vram=11891 peak=11891  Alpine8K_HLODLayer_Merged/Alpine8K_HLODLayer_Instanced_L0_X6_Y-8
    [ 61.3 min] 53/91  approve=50 reject=3  vram=11891 peak=11891  Alpine8K_HLODLayer_Merged/Alpine8K_HLODLayer_Instanced_L0_X6_Y-8
    [ 61.6 min] 53/91  approve=50 reject=3  vram=11891 peak=11891  Alpine8K_HLODLayer_Merged/Alpine8K_HLODLayer_Instanced_L0_X6_Y-8
    [ 62.0 min] 53/91  approve=50 reject=3  vram=11891 peak=11891  Alpine8K_HLODLayer_Merged/Alpine8K_HLODLayer_Instanced_L0_X6_Y-8
    [ 62.3 min] 55/91  approve=52 reject=3  vram=11891 peak=11891  Alpine8K_HLODLayer_Merged/Alpine8K_HLODLayer_Instanced_L0_X0_Y2
    [ 62.6 min] 55/91  approve=52 reject=3  vram=11891 peak=11891  Alpine8K_HLODLayer_Merged/Alpine8K_HLODLayer_Instanced_L0_X0_Y2
    [ 63.0 min] 55/91  approve=52 reject=3  vram=11939 peak=11939  Alpine8K_HLODLayer_Merged/Alpine8K_HLODLayer_Instanced_L0_X0_Y2
    [ 63.3 min] 55/91  approve=52 reject=3  vram=11939 peak=11939  Alpine8K_HLODLayer_Merged/Alpine8K_HLODLayer_Instanced_L0_X0_Y2
    [ 63.6 min] 55/91  approve=52 reject=3  vram=11939 peak=11939  Alpine8K_HLODLayer_Merged/Alpine8K_HLODLayer_Instanced_L0_X0_Y2
    [ 64.0 min] 55/91  approve=52 reject=3  vram=11939 peak=11939  Alpine8K_HLODLayer_Merged/Alpine8K_HLODLayer_Instanced_L0_X0_Y2
    [ 64.3 min] 55/91  approve=52 reject=3  vram=11939 peak=11939  Alpine8K_HLODLayer_Merged/Alpine8K_HLODLayer_Instanced_L0_X0_Y2
    [ 64.7 min] 55/91  approve=52 reject=3  vram=11939 peak=11939  Alpine8K_HLODLayer_Merged/Alpine8K_HLODLayer_Instanced_L0_X0_Y2
    [ 65.0 min] 55/91  approve=52 reject=3  vram=11939 peak=11939  Alpine8K_HLODLayer_Merged/Alpine8K_HLODLayer_Instanced_L0_X0_Y2
    [ 65.3 min] 57/91  approve=54 reject=3  vram=11939 peak=11939  Alpine8K_HLODLayer_Merged/Alpine8K_HLODLayer_Instanced_L0_X2_Y15
    [ 65.7 min] 57/91  approve=54 reject=3  vram=11939 peak=11939  Alpine8K_HLODLayer_Merged/Alpine8K_HLODLayer_Instanced_L0_X2_Y15
    [ 66.0 min] 57/91  approve=54 reject=3  vram=11988 peak=11988  Alpine8K_HLODLayer_Merged/Alpine8K_HLODLayer_Instanced_L0_X2_Y15
    [ 66.4 min] 57/91  approve=54 reject=3  vram=11988 peak=11988  Alpine8K_HLODLayer_Merged/Alpine8K_HLODLayer_Instanced_L0_X2_Y15
    [ 66.7 min] 57/91  approve=54 reject=3  vram=11988 peak=11988  Alpine8K_HLODLayer_Merged/Alpine8K_HLODLayer_Instanced_L0_X2_Y15
    [ 67.0 min] 57/91  approve=54 reject=3  vram=11988 peak=11988  Alpine8K_HLODLayer_Merged/Alpine8K_HLODLayer_Instanced_L0_X2_Y15
    [ 67.4 min] 57/91  approve=54 reject=3  vram=11988 peak=11988  Alpine8K_HLODLayer_Merged/Alpine8K_HLODLayer_Instanced_L0_X2_Y15
    [ 67.7 min] 57/91  approve=54 reject=3  vram=11988 peak=11988  Alpine8K_HLODLayer_Merged/Alpine8K_HLODLayer_Instanced_L0_X2_Y15
    [ 68.0 min] 57/91  approve=54 reject=3  vram=11988 peak=11988  Alpine8K_HLODLayer_Merged/Alpine8K_HLODLayer_Instanced_L0_X2_Y15
    [ 68.4 min] 57/91  approve=54 reject=3  vram=11988 peak=11988  Alpine8K_HLODLayer_Merged/Alpine8K_HLODLayer_Instanced_L0_X2_Y15
    [ 68.7 min] 57/91  approve=54 reject=3  vram=11988 peak=11988  Alpine8K_HLODLayer_Merged/Alpine8K_HLODLayer_Instanced_L0_X2_Y15
    [ 69.0 min] 57/91  approve=54 reject=3  vram=11988 peak=11988  Alpine8K_HLODLayer_Merged/Alpine8K_HLODLayer_Instanced_L0_X2_Y15
    [ 69.4 min] 57/91  approve=54 reject=3  vram=11988 peak=11988  Alpine8K_HLODLayer_Merged/Alpine8K_HLODLayer_Instanced_L0_X2_Y15
    [ 69.7 min] 57/91  approve=54 reject=3  vram=11988 peak=11988  Alpine8K_HLODLayer_Merged/Alpine8K_HLODLayer_Instanced_L0_X2_Y15
    [ 70.1 min] 57/91  approve=54 reject=3  vram=11988 peak=11988  Alpine8K_HLODLayer_Merged/Alpine8K_HLODLayer_Instanced_L0_X2_Y15
    [ 70.4 min] 57/91  approve=54 reject=3  vram=11988 peak=11988  Alpine8K_HLODLayer_Merged/Alpine8K_HLODLayer_Instanced_L0_X2_Y15
    [ 70.7 min] 59/91  approve=56 reject=3  vram=11988 peak=11988  Alpine8K_HLODLayer_Merged/Alpine8K_HLODLayer_Instanced_L0_X-13_Y-4
    [ 71.1 min] 59/91  approve=56 reject=3  vram=11988 peak=11988  Alpine8K_HLODLayer_Merged/Alpine8K_HLODLayer_Instanced_L0_X-13_Y-4
    [ 71.4 min] 59/91  approve=56 reject=3  vram=12036 peak=12036  Alpine8K_HLODLayer_Merged/Alpine8K_HLODLayer_Instanced_L0_X-13_Y-4
    [ 71.8 min] 59/91  approve=56 reject=3  vram=12036 peak=12036  Alpine8K_HLODLayer_Merged/Alpine8K_HLODLayer_Instanced_L0_X-13_Y-4
    [ 72.1 min] 59/91  approve=56 reject=3  vram=12036 peak=12036  Alpine8K_HLODLayer_Merged/Alpine8K_HLODLayer_Instanced_L0_X-13_Y-4
    [ 72.4 min] 59/91  approve=56 reject=3  vram=12036 peak=12036  Alpine8K_HLODLayer_Merged/Alpine8K_HLODLayer_Instanced_L0_X-13_Y-4
    [ 72.8 min] 59/91  approve=56 reject=3  vram=12036 peak=12036  Alpine8K_HLODLayer_Merged/Alpine8K_HLODLayer_Instanced_L0_X-13_Y-4
    [ 73.1 min] 59/91  approve=56 reject=3  vram=12036 peak=12036  Alpine8K_HLODLayer_Merged/Alpine8K_HLODLayer_Instanced_L0_X-13_Y-4
    [ 73.4 min] 59/91  approve=56 reject=3  vram=12036 peak=12036  Alpine8K_HLODLayer_Merged/Alpine8K_HLODLayer_Instanced_L0_X-13_Y-4
    [ 73.8 min] 59/91  approve=56 reject=3  vram=12036 peak=12036  Alpine8K_HLODLayer_Merged/Alpine8K_HLODLayer_Instanced_L0_X-13_Y-4
    [ 74.1 min] 59/91  approve=56 reject=3  vram=12036 peak=12036  Alpine8K_HLODLayer_Merged/Alpine8K_HLODLayer_Instanced_L0_X-13_Y-4
    [ 74.4 min] 59/91  approve=56 reject=3  vram=12036 peak=12036  Alpine8K_HLODLayer_Merged/Alpine8K_HLODLayer_Instanced_L0_X-13_Y-4
    [ 74.8 min] 59/91  approve=56 reject=3  vram=12036 peak=12036  Alpine8K_HLODLayer_Merged/Alpine8K_HLODLayer_Instanced_L0_X-13_Y-4
    [ 75.1 min] 59/91  approve=56 reject=3  vram=12036 peak=12036  Alpine8K_HLODLayer_Merged/Alpine8K_HLODLayer_Instanced_L0_X-13_Y-4
    [ 75.5 min] 59/91  approve=56 reject=3  vram=12036 peak=12036  Alpine8K_HLODLayer_Merged/Alpine8K_HLODLayer_Instanced_L0_X-13_Y-4
    [ 75.8 min] 59/91  approve=56 reject=3  vram=12036 peak=12036  Alpine8K_HLODLayer_Merged/Alpine8K_HLODLayer_Instanced_L0_X-13_Y-4
    [ 76.1 min] 61/91  approve=58 reject=3  vram=11652 peak=12036  Alpine8K_HLODLayer_Merged/Alpine8K_HLODLayer_Instanced_L0_X-4_Y6
    [ 76.5 min] 61/91  approve=58 reject=3  vram=11700 peak=12036  Alpine8K_HLODLayer_Merged/Alpine8K_HLODLayer_Instanced_L0_X-4_Y6
    [ 76.8 min] 61/91  approve=58 reject=3  vram=11700 peak=12036  Alpine8K_HLODLayer_Merged/Alpine8K_HLODLayer_Instanced_L0_X-4_Y6
    [ 77.1 min] 63/91  approve=60 reject=3  vram=11444 peak=12036  Alpine8K_HLODLayer_Merged/Alpine8K_HLODLayer_Instanced_L0_X-8_Y-14
    [ 77.5 min] 63/91  approve=60 reject=3  vram=11444 peak=12036  Alpine8K_HLODLayer_Merged/Alpine8K_HLODLayer_Instanced_L0_X-8_Y-14
    [ 77.8 min] 63/91  approve=60 reject=3  vram=11493 peak=12036  Alpine8K_HLODLayer_Merged/Alpine8K_HLODLayer_Instanced_L0_X-8_Y-14
    [ 78.2 min] 63/91  approve=60 reject=3  vram=11493 peak=12036  Alpine8K_HLODLayer_Merged/Alpine8K_HLODLayer_Instanced_L0_X-8_Y-14
    [ 78.5 min] 63/91  approve=60 reject=3  vram=11493 peak=12036  Alpine8K_HLODLayer_Merged/Alpine8K_HLODLayer_Instanced_L0_X-8_Y-14
    [ 78.8 min] 63/91  approve=60 reject=3  vram=11493 peak=12036  Alpine8K_HLODLayer_Merged/Alpine8K_HLODLayer_Instanced_L0_X-8_Y-14
    [ 79.2 min] 65/91  approve=62 reject=3  vram=11493 peak=12036  Alpine8K_HLODLayer_Merged/Alpine8K_HLODLayer_Instanced_L0_X9_Y-3
    [ 79.5 min] 65/91  approve=62 reject=3  vram=11493 peak=12036  Alpine8K_HLODLayer_Merged/Alpine8K_HLODLayer_Instanced_L0_X9_Y-3
    [ 79.8 min] 65/91  approve=62 reject=3  vram=11541 peak=12036  Alpine8K_HLODLayer_Merged/Alpine8K_HLODLayer_Instanced_L0_X9_Y-3
    [ 80.2 min] 65/91  approve=62 reject=3  vram=11541 peak=12036  Alpine8K_HLODLayer_Merged/Alpine8K_HLODLayer_Instanced_L0_X9_Y-3
    [ 80.5 min] 65/91  approve=62 reject=3  vram=11541 peak=12036  Alpine8K_HLODLayer_Merged/Alpine8K_HLODLayer_Instanced_L0_X9_Y-3
    [ 80.9 min] 67/91  approve=64 reject=3  vram=13358 peak=13358  Alpine8K_HLODLayer_Merged/Alpine8K_HLODLayer_Instanced_L1_X7_Y7
    [ 81.2 min] 67/91  approve=64 reject=3  vram=13358 peak=13358  Alpine8K_HLODLayer_Merged/Alpine8K_HLODLayer_Instanced_L1_X7_Y7
    [ 81.5 min] 67/91  approve=64 reject=3  vram=13358 peak=13358  Alpine8K_HLODLayer_Merged/Alpine8K_HLODLayer_Instanced_L1_X7_Y7
    [ 81.9 min] 69/91  approve=66 reject=3  vram=13278 peak=13358  Alpine8K_HLODLayer_Merged/Alpine8K_HLODLayer_Instanced_L0_X-6_Y-13
    [ 82.2 min] 69/91  approve=66 reject=3  vram=13278 peak=13358  Alpine8K_HLODLayer_Merged/Alpine8K_HLODLayer_Instanced_L0_X-6_Y-13
    [ 82.6 min] 69/91  approve=66 reject=3  vram=13326 peak=13358  Alpine8K_HLODLayer_Merged/Alpine8K_HLODLayer_Instanced_L0_X-6_Y-13
    [ 82.9 min] 69/91  approve=66 reject=3  vram=13326 peak=13358  Alpine8K_HLODLayer_Merged/Alpine8K_HLODLayer_Instanced_L0_X-6_Y-13
    [ 83.3 min] 69/91  approve=66 reject=3  vram=13326 peak=13358  Alpine8K_HLODLayer_Merged/Alpine8K_HLODLayer_Instanced_L0_X-6_Y-13
    [ 83.6 min] 69/91  approve=66 reject=3  vram=13326 peak=13358  Alpine8K_HLODLayer_Merged/Alpine8K_HLODLayer_Instanced_L0_X-6_Y-13
    [ 83.9 min] 69/91  approve=66 reject=3  vram=13326 peak=13358  Alpine8K_HLODLayer_Merged/Alpine8K_HLODLayer_Instanced_L0_X-6_Y-13
    [ 84.3 min] 69/91  approve=66 reject=3  vram=13326 peak=13358  Alpine8K_HLODLayer_Merged/Alpine8K_HLODLayer_Instanced_L0_X-6_Y-13
    [ 84.6 min] 69/91  approve=66 reject=3  vram=13326 peak=13358  Alpine8K_HLODLayer_Merged/Alpine8K_HLODLayer_Instanced_L0_X-6_Y-13
    [ 84.9 min] 69/91  approve=66 reject=3  vram=13326 peak=13358  Alpine8K_HLODLayer_Merged/Alpine8K_HLODLayer_Instanced_L0_X-6_Y-13
    [ 85.3 min] 69/91  approve=66 reject=3  vram=13326 peak=13358  Alpine8K_HLODLayer_Merged/Alpine8K_HLODLayer_Instanced_L0_X-6_Y-13
    [ 85.6 min] 69/91  approve=66 reject=3  vram=13326 peak=13358  Alpine8K_HLODLayer_Merged/Alpine8K_HLODLayer_Instanced_L0_X-6_Y-13
    [ 85.9 min] 69/91  approve=66 reject=3  vram=13326 peak=13358  Alpine8K_HLODLayer_Merged/Alpine8K_HLODLayer_Instanced_L0_X-6_Y-13
    [ 86.3 min] 69/91  approve=66 reject=3  vram=13326 peak=13358  Alpine8K_HLODLayer_Merged/Alpine8K_HLODLayer_Instanced_L0_X-6_Y-13
    [ 86.6 min] 69/91  approve=66 reject=3  vram=13326 peak=13358  Alpine8K_HLODLayer_Merged/Alpine8K_HLODLayer_Instanced_L0_X-6_Y-13
    [ 87.0 min] 69/91  approve=66 reject=3  vram=13326 peak=13358  Alpine8K_HLODLayer_Merged/Alpine8K_HLODLayer_Instanced_L0_X-6_Y-13
    [ 87.3 min] 69/91  approve=66 reject=3  vram=13326 peak=13358  Alpine8K_HLODLayer_Merged/Alpine8K_HLODLayer_Instanced_L0_X-6_Y-13
    [ 87.6 min] 71/91  approve=68 reject=3  vram=14471 peak=14471  Alpine8K_HLODLayer_Merged/Alpine8K_HLODLayer_Instanced_L1_X-1_Y6
    [ 88.0 min] 71/91  approve=68 reject=3  vram=14471 peak=14471  Alpine8K_HLODLayer_Merged/Alpine8K_HLODLayer_Instanced_L1_X-1_Y6
    [ 88.3 min] 71/91  approve=68 reject=3  vram=14471 peak=14471  Alpine8K_HLODLayer_Merged/Alpine8K_HLODLayer_Instanced_L1_X-1_Y6
    [ 88.6 min] 73/91  approve=70 reject=3  vram=14391 peak=14471  Alpine8K_HLODLayer_Merged/Alpine8K_HLODLayer_Instanced_L0_X-5_Y-14
    [ 89.0 min] 73/91  approve=70 reject=3  vram=14391 peak=14471  Alpine8K_HLODLayer_Merged/Alpine8K_HLODLayer_Instanced_L0_X-5_Y-14
    [ 89.3 min] 73/91  approve=70 reject=3  vram=14439 peak=14471  Alpine8K_HLODLayer_Merged/Alpine8K_HLODLayer_Instanced_L0_X-5_Y-14
    [ 89.7 min] 73/91  approve=70 reject=3  vram=14439 peak=14471  Alpine8K_HLODLayer_Merged/Alpine8K_HLODLayer_Instanced_L0_X-5_Y-14
    [ 90.0 min] 73/91  approve=70 reject=3  vram=14439 peak=14471  Alpine8K_HLODLayer_Merged/Alpine8K_HLODLayer_Instanced_L0_X-5_Y-14
    [ 90.3 min] 73/91  approve=70 reject=3  vram=14439 peak=14471  Alpine8K_HLODLayer_Merged/Alpine8K_HLODLayer_Instanced_L0_X-5_Y-14
    [ 90.7 min] 73/91  approve=70 reject=3  vram=14439 peak=14471  Alpine8K_HLODLayer_Merged/Alpine8K_HLODLayer_Instanced_L0_X-5_Y-14
    [ 91.0 min] 73/91  approve=70 reject=3  vram=14439 peak=14471  Alpine8K_HLODLayer_Merged/Alpine8K_HLODLayer_Instanced_L0_X-5_Y-14
    [ 91.3 min] 75/91  approve=72 reject=3  vram=14944 peak=14944  Alpine8K_HLODLayer_Merged/Alpine8K_HLODLayer_Instanced_L1_X-4_Y1
    [ 91.7 min] 75/91  approve=72 reject=3  vram=14944 peak=14944  Alpine8K_HLODLayer_Merged/Alpine8K_HLODLayer_Instanced_L1_X-4_Y1
    [ 92.0 min] 75/91  approve=72 reject=3  vram=14944 peak=14944  Alpine8K_HLODLayer_Merged/Alpine8K_HLODLayer_Instanced_L1_X-4_Y1
    [ 92.3 min] 77/91  approve=74 reject=3  vram=14952 peak=15925  Alpine8K_HLODLayer_Merged/Alpine8K_HLODLayer_Instanced_L1_X1_Y0
    [ 92.7 min] 77/91  approve=74 reject=3  vram=14952 peak=15925  Alpine8K_HLODLayer_Merged/Alpine8K_HLODLayer_Instanced_L1_X1_Y0
    [ 93.0 min] 77/91  approve=74 reject=3  vram=14952 peak=15925  Alpine8K_HLODLayer_Merged/Alpine8K_HLODLayer_Instanced_L1_X1_Y0
    [ 93.4 min] 79/91  approve=76 reject=3  vram=14872 peak=15925  Alpine8K_HLODLayer_Merged/Alpine8K_HLODLayer_Instanced_L0_X-15_Y6
    [ 93.7 min] 79/91  approve=76 reject=3  vram=14872 peak=15925  Alpine8K_HLODLayer_Merged/Alpine8K_HLODLayer_Instanced_L0_X-15_Y6
    [ 94.1 min] 79/91  approve=76 reject=3  vram=14921 peak=15925  Alpine8K_HLODLayer_Merged/Alpine8K_HLODLayer_Instanced_L0_X-15_Y6
    [ 94.4 min] 79/91  approve=76 reject=3  vram=14921 peak=15925  Alpine8K_HLODLayer_Merged/Alpine8K_HLODLayer_Instanced_L0_X-15_Y6
    [ 94.7 min] 79/91  approve=76 reject=3  vram=14921 peak=15925  Alpine8K_HLODLayer_Merged/Alpine8K_HLODLayer_Instanced_L0_X-15_Y6
    [ 95.1 min] 79/91  approve=76 reject=3  vram=14921 peak=15925  Alpine8K_HLODLayer_Merged/Alpine8K_HLODLayer_Instanced_L0_X-15_Y6
    [ 95.4 min] 79/91  approve=76 reject=3  vram=14921 peak=15925  Alpine8K_HLODLayer_Merged/Alpine8K_HLODLayer_Instanced_L0_X-15_Y6
    [ 95.7 min] 79/91  approve=76 reject=3  vram=14921 peak=15925  Alpine8K_HLODLayer_Merged/Alpine8K_HLODLayer_Instanced_L0_X-15_Y6
    [ 96.1 min] 79/91  approve=76 reject=3  vram=14921 peak=15925  Alpine8K_HLODLayer_Merged/Alpine8K_HLODLayer_Instanced_L0_X-15_Y6
    [ 96.4 min] 79/91  approve=76 reject=3  vram=14921 peak=15925  Alpine8K_HLODLayer_Merged/Alpine8K_HLODLayer_Instanced_L0_X-15_Y6
    [ 96.7 min] 79/91  approve=76 reject=3  vram=14921 peak=15925  Alpine8K_HLODLayer_Merged/Alpine8K_HLODLayer_Instanced_L0_X-15_Y6
    [ 97.1 min] 79/91  approve=76 reject=3  vram=14921 peak=15925  Alpine8K_HLODLayer_Merged/Alpine8K_HLODLayer_Instanced_L0_X-15_Y6
    [ 97.4 min] 79/91  approve=76 reject=3  vram=14921 peak=15925  Alpine8K_HLODLayer_Merged/Alpine8K_HLODLayer_Instanced_L0_X-15_Y6
    [ 97.8 min] 79/91  approve=76 reject=3  vram=14921 peak=15925  Alpine8K_HLODLayer_Merged/Alpine8K_HLODLayer_Instanced_L0_X-15_Y6
    [ 98.1 min] 79/91  approve=76 reject=3  vram=14921 peak=15925  Alpine8K_HLODLayer_Merged/Alpine8K_HLODLayer_Instanced_L0_X-15_Y6
    [ 98.4 min] 79/91  approve=76 reject=3  vram=14921 peak=15925  Alpine8K_HLODLayer_Merged/Alpine8K_HLODLayer_Instanced_L0_X-15_Y6
    [ 98.8 min] 81/91  approve=78 reject=3  vram=14921 peak=15925  Alpine8K_HLODLayer_Merged/Alpine8K_HLODLayer_Instanced_L0_X6_Y-13
    [ 99.1 min] 81/91  approve=78 reject=3  vram=14921 peak=15925  Alpine8K_HLODLayer_Merged/Alpine8K_HLODLayer_Instanced_L0_X6_Y-13
    [ 99.5 min] 81/91  approve=78 reject=3  vram=14969 peak=15925  Alpine8K_HLODLayer_Merged/Alpine8K_HLODLayer_Instanced_L0_X6_Y-13
    [ 99.8 min] 81/91  approve=78 reject=3  vram=14969 peak=15925  Alpine8K_HLODLayer_Merged/Alpine8K_HLODLayer_Instanced_L0_X6_Y-13
    [100.1 min] 81/91  approve=78 reject=3  vram=14969 peak=15925  Alpine8K_HLODLayer_Merged/Alpine8K_HLODLayer_Instanced_L0_X6_Y-13
    [100.5 min] 81/91  approve=78 reject=3  vram=14969 peak=15925  Alpine8K_HLODLayer_Merged/Alpine8K_HLODLayer_Instanced_L0_X6_Y-13
    [100.8 min] 81/91  approve=78 reject=3  vram=14969 peak=15925  Alpine8K_HLODLayer_Merged/Alpine8K_HLODLayer_Instanced_L0_X6_Y-13
    [101.1 min] 81/91  approve=78 reject=3  vram=14969 peak=15925  Alpine8K_HLODLayer_Merged/Alpine8K_HLODLayer_Instanced_L0_X6_Y-13
    [101.5 min] 81/91  approve=78 reject=3  vram=14969 peak=15925  Alpine8K_HLODLayer_Merged/Alpine8K_HLODLayer_Instanced_L0_X6_Y-13
    [101.8 min] 82/91  approve=78 reject=3  vram=14969 peak=15925  Alpine8K_HLODLayer_Instanced/Alpine8K_MainPartition_L0_X15_Y-19
    [102.2 min] 83/91  approve=80 reject=3  vram=14713 peak=15925  Alpine8K_HLODLayer_Merged/Alpine8K_HLODLayer_Instanced_L0_X7_Y-10
    [102.5 min] 83/91  approve=80 reject=3  vram=14762 peak=15925  Alpine8K_HLODLayer_Merged/Alpine8K_HLODLayer_Instanced_L0_X7_Y-10
    [102.8 min] 83/91  approve=80 reject=3  vram=14762 peak=15925  Alpine8K_HLODLayer_Merged/Alpine8K_HLODLayer_Instanced_L0_X7_Y-10
    [103.2 min] 83/91  approve=80 reject=3  vram=14762 peak=15925  Alpine8K_HLODLayer_Merged/Alpine8K_HLODLayer_Instanced_L0_X7_Y-10
    [103.5 min] 83/91  approve=80 reject=3  vram=14762 peak=15925  Alpine8K_HLODLayer_Merged/Alpine8K_HLODLayer_Instanced_L0_X7_Y-10
    [103.9 min] 83/91  approve=80 reject=3  vram=14762 peak=15925  Alpine8K_HLODLayer_Merged/Alpine8K_HLODLayer_Instanced_L0_X7_Y-10
    [104.2 min] 83/91  approve=80 reject=3  vram=14762 peak=15925  Alpine8K_HLODLayer_Merged/Alpine8K_HLODLayer_Instanced_L0_X7_Y-10
    [104.5 min] 85/91  approve=82 reject=3  vram=14762 peak=15925  Alpine8K_HLODLayer_Merged/Alpine8K_HLODLayer_Instanced_L0_X6_Y-5
    [104.9 min] 85/91  approve=82 reject=3  vram=14762 peak=15925  Alpine8K_HLODLayer_Merged/Alpine8K_HLODLayer_Instanced_L0_X6_Y-5
    [105.3 min] 85/91  approve=82 reject=3  vram=14810 peak=15925  Alpine8K_HLODLayer_Merged/Alpine8K_HLODLayer_Instanced_L0_X6_Y-5
    [105.6 min] 85/91  approve=82 reject=3  vram=14810 peak=15925  Alpine8K_HLODLayer_Merged/Alpine8K_HLODLayer_Instanced_L0_X6_Y-5
    [105.9 min] 85/91  approve=82 reject=3  vram=14810 peak=15925  Alpine8K_HLODLayer_Merged/Alpine8K_HLODLayer_Instanced_L0_X6_Y-5
    [106.3 min] 85/91  approve=82 reject=3  vram=14810 peak=15925  Alpine8K_HLODLayer_Merged/Alpine8K_HLODLayer_Instanced_L0_X6_Y-5
    [106.6 min] 85/91  approve=82 reject=3  vram=14810 peak=15925  Alpine8K_HLODLayer_Merged/Alpine8K_HLODLayer_Instanced_L0_X6_Y-5
    [106.9 min] 85/91  approve=82 reject=3  vram=14810 peak=15925  Alpine8K_HLODLayer_Merged/Alpine8K_HLODLayer_Instanced_L0_X6_Y-5
    [107.3 min] 85/91  approve=82 reject=3  vram=14810 peak=15925  Alpine8K_HLODLayer_Merged/Alpine8K_HLODLayer_Instanced_L0_X6_Y-5
    [107.6 min] 85/91  approve=82 reject=3  vram=14810 peak=15925  Alpine8K_HLODLayer_Merged/Alpine8K_HLODLayer_Instanced_L0_X6_Y-5
    [107.9 min] 85/91  approve=82 reject=3  vram=14810 peak=15925  Alpine8K_HLODLayer_Merged/Alpine8K_HLODLayer_Instanced_L0_X6_Y-5
    [108.3 min] 85/91  approve=82 reject=3  vram=14810 peak=15925  Alpine8K_HLODLayer_Merged/Alpine8K_HLODLayer_Instanced_L0_X6_Y-5
    [108.6 min] 85/91  approve=82 reject=3  vram=14810 peak=15925  Alpine8K_HLODLayer_Merged/Alpine8K_HLODLayer_Instanced_L0_X6_Y-5
    [109.0 min] 85/91  approve=82 reject=3  vram=14810 peak=15925  Alpine8K_HLODLayer_Merged/Alpine8K_HLODLayer_Instanced_L0_X6_Y-5
    [109.3 min] 85/91  approve=82 reject=3  vram=14810 peak=15925  Alpine8K_HLODLayer_Merged/Alpine8K_HLODLayer_Instanced_L0_X6_Y-5
    [109.6 min] 85/91  approve=82 reject=3  vram=14810 peak=15925  Alpine8K_HLODLayer_Merged/Alpine8K_HLODLayer_Instanced_L0_X6_Y-5
    [110.0 min] 87/91  approve=84 reject=3  vram=14810 peak=15925  Alpine8K_HLODLayer_Merged/Alpine8K_HLODLayer_Instanced_L0_X-7_Y-4
    [110.3 min] 87/91  approve=84 reject=3  vram=14858 peak=15925  Alpine8K_HLODLayer_Merged/Alpine8K_HLODLayer_Instanced_L0_X-7_Y-4
    [110.6 min] 87/91  approve=84 reject=3  vram=14858 peak=15925  Alpine8K_HLODLayer_Merged/Alpine8K_HLODLayer_Instanced_L0_X-7_Y-4
    [111.0 min] 87/91  approve=84 reject=3  vram=14858 peak=15925  Alpine8K_HLODLayer_Merged/Alpine8K_HLODLayer_Instanced_L0_X-7_Y-4
    [111.3 min] 89/91  approve=86 reject=3  vram=14858 peak=15925  Alpine8K_HLODLayer_Merged/Alpine8K_HLODLayer_Instanced_L0_X12_Y-14
    [111.7 min] 89/91  approve=86 reject=3  vram=14858 peak=15925  Alpine8K_HLODLayer_Merged/Alpine8K_HLODLayer_Instanced_L0_X12_Y-14
    [112.0 min] 89/91  approve=86 reject=3  vram=14907 peak=15925  Alpine8K_HLODLayer_Merged/Alpine8K_HLODLayer_Instanced_L0_X12_Y-14
    [112.4 min] 89/91  approve=86 reject=3  vram=14907 peak=15925  Alpine8K_HLODLayer_Merged/Alpine8K_HLODLayer_Instanced_L0_X12_Y-14
    [112.7 min] 89/91  approve=86 reject=3  vram=14907 peak=15925  Alpine8K_HLODLayer_Merged/Alpine8K_HLODLayer_Instanced_L0_X12_Y-14
    [113.0 min] 89/91  approve=86 reject=3  vram=14907 peak=15925  Alpine8K_HLODLayer_Merged/Alpine8K_HLODLayer_Instanced_L0_X12_Y-14
    [113.4 min] 89/91  approve=86 reject=3  vram=14907 peak=15925  Alpine8K_HLODLayer_Merged/Alpine8K_HLODLayer_Instanced_L0_X12_Y-14
    [113.7 min] 89/91  approve=86 reject=3  vram=14907 peak=15925  Alpine8K_HLODLayer_Merged/Alpine8K_HLODLayer_Instanced_L0_X12_Y-14
    [114.0 min] 89/91  approve=86 reject=3  vram=14907 peak=15925  Alpine8K_HLODLayer_Merged/Alpine8K_HLODLayer_Instanced_L0_X12_Y-14
    [114.4 min] 89/91  approve=86 reject=3  vram=14907 peak=15925  Alpine8K_HLODLayer_Merged/Alpine8K_HLODLayer_Instanced_L0_X12_Y-14
    [114.7 min] 89/91  approve=86 reject=3  vram=14907 peak=15925  Alpine8K_HLODLayer_Merged/Alpine8K_HLODLayer_Instanced_L0_X12_Y-14
    [115.0 min] 89/91  approve=86 reject=3  vram=14907 peak=15925  Alpine8K_HLODLayer_Merged/Alpine8K_HLODLayer_Instanced_L0_X12_Y-14
    [115.4 min] 89/91  approve=86 reject=3  vram=14907 peak=15925  Alpine8K_HLODLayer_Merged/Alpine8K_HLODLayer_Instanced_L0_X12_Y-14
    [115.7 min] 89/91  approve=86 reject=3  vram=14907 peak=15925  Alpine8K_HLODLayer_Merged/Alpine8K_HLODLayer_Instanced_L0_X12_Y-14
    [116.1 min] 89/91  approve=86 reject=3  vram=14907 peak=15925  Alpine8K_HLODLayer_Merged/Alpine8K_HLODLayer_Instanced_L0_X12_Y-14
    [116.4 min] 89/91  approve=86 reject=3  vram=14907 peak=15925  Alpine8K_HLODLayer_Merged/Alpine8K_HLODLayer_Instanced_L0_X12_Y-14
    [116.7 min] 89/91  approve=86 reject=3  vram=14907 peak=15925  Alpine8K_HLODLayer_Merged/Alpine8K_HLODLayer_Instanced_L0_X12_Y-14
    [117.1 min] 89/91  approve=86 reject=3  vram=14907 peak=15925  Alpine8K_HLODLayer_Merged/Alpine8K_HLODLayer_Instanced_L0_X12_Y-14
    [117.4 min] 89/91  approve=86 reject=3  vram=14907 peak=15925  Alpine8K_HLODLayer_Merged/Alpine8K_HLODLayer_Instanced_L0_X12_Y-14
    [117.7 min] 91/91  approve=88 reject=3  vram=14955 peak=15925  Alpine8K_HLODLayer_Merged/Alpine8K_HLODLayer_Instanced_L0_X-11_Y-1
    [118.1 min] 91/91  approve=88 reject=3  vram=14955 peak=15925  Alpine8K_HLODLayer_Merged/Alpine8K_HLODLayer_Instanced_L0_X-11_Y-1
    [118.4 min] 91/91  approve=88 reject=3  vram=13 peak=15925  Alpine8K_HLODLayer_Merged/Alpine8K_HLODLayer_Instanced_L0_X-11_Y-1
    done rc=1 in 118.4 min | approve=88 reject=3 | STALE 0 -> 0 (-0), current=1031 | vram peak 15925 MiB | true_exit=True | written=88 torn=0 last_write_to_exit=12.018s
  attribution  building-lines 91  decisions 91  approved 88  rejected 3
    Alpine8K_HLODLayer_Instanced       approve 44     reject 3       from Alpine8K_MainPartition x47
    Alpine8K_HLODLayer_Merged          approve 44     reject 0       from Alpine8K_HLODLayer_Instanced x44

FINAL size census:  {"packages_listed": 2107, "packages_present": 2107, "packages_missing": 0, "missing_sample": [], "over_5mb": 256, "under_3mb": 1845, "shorter_than_1kb": 0, "total_bytes": 16108519436, "total_gb": 16.109}
FINAL layer census: {"null": 693, "MeshApproximate(3)": 1031, "Instancing(0)": 383}
stride: [
  {
    "package": "LandscapeLab/Content/__ExternalActors__/Alpine8K/0/0I/MX2OXG3AWJUXBENVOOJH5M.uasset",
    "bytes": 9739,
    "band": "rebuilt<3MB"
  },
  {
    "package": "LandscapeLab/Content/__ExternalActors__/Alpine8K/1/CR/OKF9QK7BK1F4L9EKO3ITAP.uasset",
    "bytes": 54666497,
    "band": "STALE>5MB"
  },
  {
    "package": "LandscapeLab/Content/__ExternalActors__/Alpine8K/2/N6/DR4J1TVVNUYPLP6LF9EPAA.uasset",
    "bytes": 1259017,
    "band": "rebuilt<3MB"
  },
  {
    "package": "LandscapeLab/Content/__ExternalActors__/Alpine8K/3/UG/Q1DVCP3MVL6PVK9DF28SWU.uasset",
    "bytes": 1833099,
    "band": "rebuilt<3MB"
  },
  {
    "package": "LandscapeLab/Content/__ExternalActors__/Alpine8K/5/34/AN8AUDBTL4W9LTZS3RD9K4.uasset",
    "bytes": 52302721,
    "band": "STALE>5MB"
  },
  {
    "package": "LandscapeLab/Content/__ExternalActors__/Alpine8K/6/8G/KF5M9NO3DPHVXEG6KVDYJG.uasset",
    "bytes": 9749,
    "band": "rebuilt<3MB"
  },
  {
    "package": "LandscapeLab/Content/__ExternalActors__/Alpine8K/7/BZ/5Y607MWLTYY93UV4MLXG90.uasset",
    "bytes": 1928808,
    "band": "rebuilt<3MB"
  },
  {
    "package": "LandscapeLab/Content/__ExternalActors__/Alpine8K/8/NY/Z15100A49UZNXK078TSCQ4.uasset",
    "bytes": 8400,
    "band": "rebuilt<3MB"
  },
  {
    "package": "LandscapeLab/Content/__ExternalActors__/Alpine8K/9/X5/X0Y8O50HD5MSKJR7Z61QK9.uasset",
    "bytes": 1202541,
    "band": "rebuilt<3MB"
  },
  {
    "package": "LandscapeLab/Content/__ExternalActors__/Alpine8K/B/24/0T2Q4JZLU8X8LZWNWD1DOZ.uasset",
    "bytes": 8412,
    "band": "rebuilt<3MB"
  },
  {
    "package": "LandscapeLab/Content/__ExternalActors__/Alpine8K/C/H8/A0SDRE05H41BU1Q759ZBB0.uasset",
    "bytes": 8400,
    "band": "rebuilt<3MB"
  },
  {
    "package": "LandscapeLab/Content/__ExternalActors__/Alpine8K/D/TR/9VVCHQ93BS1LSA4ACBD1O1.uasset",
    "bytes": 8400,
    "band": "rebuilt<3MB"
  }
]

NOT DONE: 0 cells record MeshMerge(1); 0 packages missing; 0 reports unreadable; 1031 current of 2107 present.
