== cell base_d42
   readback density 0.00416 start 0 albedo [255, 255, 255, 255] ap 1.00
   camA -> camA_base_d42.png (107 s elapsed)
   camB -> camB_base_d42.png (189 s elapsed)
== cell ap1_white
   readback density 0.00150 start 15000 albedo [255, 255, 255, 255] ap 1.00
   camA -> camA_ap1_white.png (296 s elapsed)
   camB -> camB_ap1_white.png (378 s elapsed)
== cell ap2_white
   readback density 0.00150 start 15000 albedo [255, 255, 255, 255] ap 2.00
   camA -> camA_ap2_white.png (485 s elapsed)
   camB -> camB_ap2_white.png (567 s elapsed)
== cell ap4_white
   readback density 0.00150 start 15000 albedo [255, 255, 255, 255] ap 4.00
   camA -> camA_ap4_white.png (674 s elapsed)
   camB -> camB_ap4_white.png (756 s elapsed)
== cell ap1_sky
   readback density 0.00150 start 15000 albedo [140, 179, 255, 255] ap 1.00
   camA -> camA_ap1_sky.png (863 s elapsed)
   camB -> camB_ap1_sky.png (945 s elapsed)
== cell ap2_sky
   readback density 0.00150 start 15000 albedo [140, 179, 255, 255] ap 2.00
   camA -> camA_ap2_sky.png (1052 s elapsed)
   camB -> camB_ap2_sky.png (1134 s elapsed)
== cell ap4_sky
   readback density 0.00150 start 15000 albedo [140, 179, 255, 255] ap 4.00
   camA -> camA_ap4_sky.png (1241 s elapsed)
