OFFLINE SUITE -- no editor, no world, no network

  ok       the performance law, against the ratified budgets    exit 0     0.1s
  ok       ...and that the perf checker can itself fail         exit 0     0.1s
  FAIL     no authored cull is standing in for a derivable one  exit 1     5.5s
  ok       the AI-input guard refuses the restricted and passes the rest exit 0     0.1s
  ok       ...and the register, ASSETS.md and the guard agree   exit 0     0.1s
  ok       the doc index, size ceiling and archive banners      exit 0     0.1s
  ok       ...and that the doc checker can itself fail          exit 0     0.3s
  FAIL     the generated TOCs are current                       exit 3     1.5s
  ok       recipe + gate corpus                                 exit 0     3.3s
  ok       plan_city's four gates refuse, and write nothing     exit 0     8.5s
  ok       ...and that prover can itself fail                   exit 0    16.1s
  ok       the encounter SUCCESS path, re-verified independently exit 0    88.8s
  ok       encounter separation + settlement units              exit 0     0.5s
  ok       foliage floor + override-slot gates refuse, pass and degrade exit 0     0.6s
  ok       the heavy-op guard: memory verdicts, liveness, lock lifecycle exit 0     0.1s
  ok       tree LOD screen sizes: recipe == asset               exit 0     0.1s
  ok       ...and that the recipe==asset checker can itself fail exit 0     0.1s
  ok       weightmap mip filter preserves the weight partition (box only) exit 0    22.2s
  ok       weightmap is feathered at boundaries, partitions, holds the snow line exit 0    22.9s
  ok       ...and that the feather checker can itself fail (synthetic controls) exit 0     0.4s
  ok       the planting field is canopy-invariant; the render weightmap is not exit 0     0.4s
  ok       the input-stamp instrument refuses                   exit 0     0.1s
  ok       every --help is printable                            exit 0     1.0s
  ok       ...and that the help check can itself fail           exit 0     0.0s
  FAIL     every plan against its inputs                        exit 3    66.9s
  ok       the street network is one component                  exit 0     0.1s
  ok       the shot poller finds, refuses, and waits for a settle exit 0    17.2s
  ok       generation-input floors, per image and per SET       exit 0     1.3s
  ok       the manifest is regenerated, not hand-edited         exit 0     0.1s
  ok       the plausibility band refuses a wrong reference      exit 0     0.1s
  ok       the surface lookup, and that its binding refuses     exit 0     4.8s
  ok       the surface bake's own controls                      exit 0     7.3s
  ok       the planner-recipe prose rule, and that it refuses   exit 0     0.1s
  ok       no script reads a prose key                          exit 0     0.2s
  ok       no save's disk-persistence return is discarded       exit 0     1.1s
  ok       ...and that the save-return checker can itself fail  exit 0     0.0s
  ok       the surface lookup against the drawn pixels          exit 0     3.5s

FAILURES: 3
  - no authored cull is standing in for a derivable one
      FAIL: ForestStones falls back to an AUTHORED cull (60.0) and is not in GROUND_COVER: no measured placed height in _verify/bench/2026-09-05/species_hei
  - the generated TOCs are current
      LESSONS.md     ok  (662 entries)
  - every plan against its inputs
      A plan its producer will not reproduce is a plan nothing should consume. Re-run the producer, or record why the artefact is kept.
