[P3B 22:13:08] run: python.exe resource_guard.py
[P3B 22:13:08]   -> rc=0 in 0s
working directory : C:\Users\Admin\UE5LandscapePipeline
map               : /Game/Alpine8K
mode              : WINDOWED -- the viewport Present path that took the GPU on 2026-09-12 is live
launched. Confirm with scripts/bootstrap.py before any remote work.
[P3B 22:13:16] launched PIDs [13304]; waiting for bootstrap
[P3B 22:14:17] editor ready after 61 s
[P3B 22:14:18] free RAM 0.91 GB; waiting for the load to settle
[P3B 22:14:33] free RAM 0.82 GB; waiting for the load to settle
[P3B 22:14:49] free RAM 0.74 GB; waiting for the load to settle
[P3B 22:15:05] free RAM 0.61 GB; waiting for the load to settle
[P3B 22:15:20] free RAM 0.63 GB; waiting for the load to settle
[P3B 22:15:36] free RAM 0.54 GB; waiting for the load to settle
[P3B 22:15:51] free RAM 0.45 GB; waiting for the load to settle
[P3B 22:16:07] free RAM 0.39 GB; waiting for the load to settle
[P3B 22:16:23] free RAM 0.29 GB; waiting for the load to settle
[P3B 22:16:38] free RAM 0.25 GB; waiting for the load to settle
[P3B 22:16:54] free RAM 0.23 GB; waiting for the load to settle
[P3B 22:17:10] free RAM 0.25 GB; waiting for the load to settle
[P3B 22:17:25] free RAM 0.2 GB; waiting for the load to settle
[P3B 22:17:41] free RAM 2.08 GB; waiting for the load to settle
[P3B 22:17:57] free RAM 4.02 GB; waiting for the load to settle
[P3B 22:18:12] free RAM 3.7 GB; waiting for the load to settle
[P3B 22:18:28] free RAM 3.56 GB; waiting for the load to settle
[P3B 22:18:43] free RAM 3.44 GB; waiting for the load to settle
[P3B 22:18:59] free RAM 3.28 GB; waiting for the load to settle
[P3B 22:19:15] free RAM 3.17 GB; waiting for the load to settle
[P3B 22:19:30] free RAM 3.09 GB; waiting for the load to settle
[P3B 22:19:46] free RAM 2.72 GB; waiting for the load to settle
[P3B 22:20:01] free RAM 2.71 GB; waiting for the load to settle
[P3B 22:20:17] free RAM 2.59 GB; waiting for the load to settle
[P3B 22:20:32] free RAM 2.51 GB; waiting for the load to settle
[P3B 22:20:48] free RAM 2.38 GB; waiting for the load to settle
[P3B 22:21:04] free RAM 2.22 GB; waiting for the load to settle
[P3B 22:21:19] free RAM 2.1 GB; waiting for the load to settle
[P3B 22:21:35] free RAM 1.94 GB; waiting for the load to settle
[P3B 22:21:50] free RAM 1.94 GB; waiting for the load to settle
[P3B 22:22:06] free RAM 1.81 GB; waiting for the load to settle
[P3B 22:22:22] free RAM 1.71 GB; waiting for the load to settle
[P3B 22:22:37] free RAM 1.62 GB; waiting for the load to settle
[P3B 22:22:53] free RAM 1.65 GB; waiting for the load to settle
[P3B 22:23:08] free RAM 1.55 GB; waiting for the load to settle
[P3B 22:23:24] free RAM 1.44 GB; waiting for the load to settle
[P3B 22:23:40] free RAM 1.45 GB; waiting for the load to settle
[P3B 22:23:55] free RAM 1.48 GB; waiting for the load to settle
[P3B 22:24:11] free RAM 1.48 GB; waiting for the load to settle
[P3B 22:24:26] free RAM 1.48 GB; waiting for the load to settle
[P3B 22:24:42] free RAM 1.46 GB; waiting for the load to settle
[P3B 22:24:58] free RAM 1.37 GB; waiting for the load to settle
[P3B 22:25:13] free RAM 1.47 GB; waiting for the load to settle
[P3B 22:25:29] free RAM 1.53 GB; waiting for the load to settle
[P3B 22:25:44] free RAM 1.55 GB; waiting for the load to settle
[P3B 22:26:00] free RAM 1.52 GB; waiting for the load to settle
[P3B 22:26:15] free RAM 1.57 GB; waiting for the load to settle
[P3B 22:26:31] free RAM 1.61 GB; waiting for the load to settle
[P3B 22:26:47] free RAM 1.64 GB; waiting for the load to settle
[P3B 22:27:02] free RAM 1.63 GB; waiting for the load to settle
[P3B 22:27:18] free RAM 1.63 GB; waiting for the load to settle
[P3B 22:27:33] free RAM 1.61 GB; waiting for the load to settle
[P3B 22:27:49] free RAM 1.61 GB; waiting for the load to settle
[P3B 22:28:04] free RAM 1.61 GB; waiting for the load to settle
[P3B 22:28:20] free RAM 1.6 GB; waiting for the load to settle
[P3B 22:28:36] free RAM 1.65 GB; waiting for the load to settle
[P3B 22:28:51] free RAM 1.65 GB; waiting for the load to settle
[P3B 22:29:07] free RAM 1.67 GB; waiting for the load to settle
[P3B 22:29:23] ABORT: free RAM never settled >= 6 GB within 900 s (last 1.63 GB)
[P3B 22:29:24] killed PID 13304
[P3B 22:29:29] P3B ABORT
[P3B 22:29:34] P3B ABORT (exception) SystemExit(3)
