### C:\Users\Admin\AppData\Local\Programs\Python\Python312\python.exe C:\Users\Admin\UE5LandscapePipeline\scripts\ue_exec.py C:\Users\Admin\UE5LandscapePipeline\scripts\brief7_place_cam_payload.txt --timeout 25 --set X=-166400.0 --set Y=192000.0 --set PITCH=-5.0 --set YAW=100.0 --set EYE=175.0 rc=0 dt=25s
  - 4D6A42474ED95842D1B6539965E4725D (user=Admin, machine=LAPTOP-BN8417P3, project=LandscapeLab): MATCH
{
  "ok": true,
  "error": null,
  "ground_z_cm": 21028.5,
  "cam_loc": [
    -166400.0,
    192000.0,
    21203.5
  ],
  "cam_rot_rpy": [
    0.0,
    -5.0,
    100.0
  ],
  "shoot_loc": "-166400.0,192000.0,21203.5"
}
(25.3 s)

--- stderr ---

### C:\Users\Admin\AppData\Local\Programs\Python\Python312\python.exe C:\Users\Admin\UE5LandscapePipeline\scripts\ue_exec.py C:\Users\Admin\UE5LandscapePipeline\scripts\brief7_place_cam_payload.txt --timeout 25 --set X=-166400.0 --set Y=192000.0 --set PITCH=-5.0 --set YAW=100.0 --set EYE=175.0 rc=0 dt=25s
  - 4D6A42474ED95842D1B6539965E4725D (user=Admin, machine=LAPTOP-BN8417P3, project=LandscapeLab): MATCH
{
  "ok": true,
  "error": null,
  "ground_z_cm": 21028.5,
  "cam_loc": [
    -166400.0,
    192000.0,
    21203.5
  ],
  "cam_rot_rpy": [
    0.0,
    -5.0,
    100.0
  ],
  "shoot_loc": "-166400.0,192000.0,21203.5"
}
(25.3 s)

--- stderr ---

### C:\Users\Admin\AppData\Local\Programs\Python\Python312\python.exe C:\Users\Admin\UE5LandscapePipeline\scripts\ue_exec.py C:\Users\Admin\UE5LandscapePipeline\scripts\brief7_place_cam_payload.txt --timeout 25 --set X=-166400.0 --set Y=192000.0 --set PITCH=-25.0 --set YAW=100.0 --set EYE=175.0 rc=0 dt=25s
  - 4D6A42474ED95842D1B6539965E4725D (user=Admin, machine=LAPTOP-BN8417P3, project=LandscapeLab): MATCH
{
  "ok": true,
  "error": null,
  "ground_z_cm": 21028.5,
  "cam_loc": [
    -166400.0,
    192000.0,
    21203.5
  ],
  "cam_rot_rpy": [
    0.0,
    -25.0,
    100.0
  ],
  "shoot_loc": "-166400.0,192000.0,21203.5"
}
(25.3 s)

--- stderr ---

### C:\Users\Admin\AppData\Local\Programs\Python\Python312\python.exe C:\Users\Admin\UE5LandscapePipeline\scripts\ue_exec.py C:\Users\Admin\UE5LandscapePipeline\scripts\brief7_place_cam_payload.txt --timeout 25 --set X=-210800.0 --set Y=278800.0 --set PITCH=-2.0 --set YAW=-12.8 --set EYE=175.0 rc=0 dt=25s
  - 4D6A42474ED95842D1B6539965E4725D (user=Admin, machine=LAPTOP-BN8417P3, project=LandscapeLab): MATCH
{
  "ok": true,
  "error": null,
  "ground_z_cm": 18671.8,
  "cam_loc": [
    -210800.0,
    278800.0,
    18846.8
  ],
  "cam_rot_rpy": [
    0.0,
    -2.0,
    -12.8
  ],
  "shoot_loc": "-210800.0,278800.0,18846.8"
}
(25.4 s)

--- stderr ---

### C:\Users\Admin\AppData\Local\Programs\Python\Python312\python.exe C:\Users\Admin\UE5LandscapePipeline\scripts\ue_exec.py C:\Users\Admin\UE5LandscapePipeline\scripts\brief7_place_cam_payload.txt --timeout 25 --set X=-190000.0 --set Y=100000.0 --set PITCH=-2.0 --set YAW=105.0 --set EYE=175.0 rc=0 dt=25s
  - 4D6A42474ED95842D1B6539965E4725D (user=Admin, machine=LAPTOP-BN8417P3, project=LandscapeLab): MATCH
{
  "ok": true,
  "error": null,
  "ground_z_cm": 63191.2,
  "cam_loc": [
    -190000.0,
    100000.0,
    63366.2
  ],
  "cam_rot_rpy": [
    0.0,
    -2.0,
    105.0
  ],
  "shoot_loc": "-190000.0,100000.0,63366.2"
}
(25.4 s)

--- stderr ---

### C:\Users\Admin\AppData\Local\Programs\Python\Python312\python.exe C:\Users\Admin\UE5LandscapePipeline\scripts\ue_exec.py C:\Users\Admin\UE5LandscapePipeline\scripts\brief7_place_cam_payload.txt --timeout 25 --set X=-166400.0 --set Y=192000.0 --set PITCH=-5.0 --set YAW=100.0 --set EYE=175.0 rc=0 dt=25s
  - 7E726CC242D8F7B354A0FEABE53305DE (user=Admin, machine=LAPTOP-BN8417P3, project=LandscapeLab): MATCH
{
  "ok": true,
  "error": null,
  "ground_z_cm": 21028.5,
  "cam_loc": [
    -166400.0,
    192000.0,
    21203.5
  ],
  "cam_rot_rpy": [
    0.0,
    -5.0,
    100.0
  ],
  "shoot_loc": "-166400.0,192000.0,21203.5"
}
(25.3 s)

--- stderr ---

### C:\Users\Admin\AppData\Local\Programs\Python\Python312\python.exe C:\Users\Admin\UE5LandscapePipeline\scripts\ue_exec.py C:\Users\Admin\UE5LandscapePipeline\scripts\brief7_place_cam_payload.txt --timeout 25 --set X=-166400.0 --set Y=192000.0 --set PITCH=-5.0 --set YAW=100.0 --set EYE=175.0 rc=0 dt=25s
  - 7E726CC242D8F7B354A0FEABE53305DE (user=Admin, machine=LAPTOP-BN8417P3, project=LandscapeLab): MATCH
{
  "ok": true,
  "error": null,
  "ground_z_cm": 21028.5,
  "cam_loc": [
    -166400.0,
    192000.0,
    21203.5
  ],
  "cam_rot_rpy": [
    0.0,
    -5.0,
    100.0
  ],
  "shoot_loc": "-166400.0,192000.0,21203.5"
}
(25.3 s)

--- stderr ---

### C:\Users\Admin\AppData\Local\Programs\Python\Python312\python.exe C:\Users\Admin\UE5LandscapePipeline\scripts\ue_exec.py C:\Users\Admin\UE5LandscapePipeline\scripts\brief7_place_cam_payload.txt --timeout 25 --set X=-166400.0 --set Y=192000.0 --set PITCH=-25.0 --set YAW=100.0 --set EYE=175.0 rc=0 dt=25s
  - 7E726CC242D8F7B354A0FEABE53305DE (user=Admin, machine=LAPTOP-BN8417P3, project=LandscapeLab): MATCH
{
  "ok": true,
  "error": null,
  "ground_z_cm": 21028.5,
  "cam_loc": [
    -166400.0,
    192000.0,
    21203.5
  ],
  "cam_rot_rpy": [
    0.0,
    -25.0,
    100.0
  ],
  "shoot_loc": "-166400.0,192000.0,21203.5"
}
(25.3 s)

--- stderr ---

### C:\Users\Admin\AppData\Local\Programs\Python\Python312\python.exe C:\Users\Admin\UE5LandscapePipeline\scripts\ue_exec.py C:\Users\Admin\UE5LandscapePipeline\scripts\brief7_place_cam_payload.txt --timeout 25 --set X=-210800.0 --set Y=278800.0 --set PITCH=-2.0 --set YAW=-12.8 --set EYE=175.0 rc=0 dt=25s
  - 7E726CC242D8F7B354A0FEABE53305DE (user=Admin, machine=LAPTOP-BN8417P3, project=LandscapeLab): MATCH
{
  "ok": true,
  "error": null,
  "ground_z_cm": 18671.8,
  "cam_loc": [
    -210800.0,
    278800.0,
    18846.8
  ],
  "cam_rot_rpy": [
    0.0,
    -2.0,
    -12.8
  ],
  "shoot_loc": "-210800.0,278800.0,18846.8"
}
(25.4 s)

--- stderr ---

### C:\Users\Admin\AppData\Local\Programs\Python\Python312\python.exe C:\Users\Admin\UE5LandscapePipeline\scripts\ue_exec.py C:\Users\Admin\UE5LandscapePipeline\scripts\brief7_place_cam_payload.txt --timeout 25 --set X=-190000.0 --set Y=100000.0 --set PITCH=-2.0 --set YAW=105.0 --set EYE=175.0 rc=0 dt=25s
  - 7E726CC242D8F7B354A0FEABE53305DE (user=Admin, machine=LAPTOP-BN8417P3, project=LandscapeLab): MATCH
{
  "ok": true,
  "error": null,
  "ground_z_cm": 63191.2,
  "cam_loc": [
    -190000.0,
    100000.0,
    63366.2
  ],
  "cam_rot_rpy": [
    0.0,
    -2.0,
    105.0
  ],
  "shoot_loc": "-190000.0,100000.0,63366.2"
}
(25.3 s)

--- stderr ---

