### C:\Users\Admin\AppData\Local\Programs\Python\Python312\python.exe C:\Users\Admin\UE5LandscapePipeline\scripts\ue_exec.py C:\Users\Admin\UE5LandscapePipeline\scripts\brief7_level_check_payload.txt --timeout 25 rc=0 dt=25s
  - FA2B98D6447246A299BD3D91769E1CD2 (user=Admin, machine=LAPTOP-BN8417P3, project=LandscapeLab): MATCH
{
  "ok": true,
  "error": null,
  "world_path": "/Game/Alpine8K.Alpine8K",
  "world_name": "Alpine8K",
  "is_alpine8k": true,
  "grass_output_inputs": [
    [
      "GroundClutter",
      "/Game/Foliage/GT_alpine_8k_GroundClutter"
    ],
    [
      "Meadow",
      "/Game/Foliage/GT_alpine_8k_Meadow"
    ],
    [
      "Blueberry",
      "/Game/Foliage/GT_alpine_8k_Blueberry"
    ]
  ]
}
(25.3 s)

--- stderr ---

### C:\Users\Admin\AppData\Local\Programs\Python\Python312\python.exe C:\Users\Admin\UE5LandscapePipeline\scripts\ue_exec.py C:\Users\Admin\UE5LandscapePipeline\scripts\brief7_level_check_payload.txt --timeout 25 rc=0 dt=26s
  - 300A4BB842B81FFACB7874A9C9EDB75D (user=Admin, machine=LAPTOP-BN8417P3, project=LandscapeLab): MATCH
{
  "ok": true,
  "error": null,
  "world_path": "/Game/Alpine8K.Alpine8K",
  "world_name": "Alpine8K",
  "is_alpine8k": true,
  "grass_output_inputs": [
    [
      "GroundClutter",
      "/Game/Foliage/GT_alpine_8k_GroundClutter"
    ],
    [
      "Meadow",
      "/Game/Foliage/GT_alpine_8k_Meadow"
    ],
    [
      "Blueberry",
      "/Game/Foliage/GT_alpine_8k_Blueberry"
    ]
  ]
}
(25.4 s)

--- stderr ---

### C:\Users\Admin\AppData\Local\Programs\Python\Python312\python.exe C:\Users\Admin\UE5LandscapePipeline\scripts\ue_exec.py C:\Users\Admin\UE5LandscapePipeline\scripts\brief7_level_check_payload.txt --timeout 25 rc=0 dt=25s
  - 6A6D8E7C4F308B848D2427B68A5176EB (user=Admin, machine=LAPTOP-BN8417P3, project=LandscapeLab): MATCH
{
  "ok": true,
  "error": null,
  "world_path": "/Game/Canyon.Canyon",
  "world_name": "Canyon",
  "is_alpine8k": false,
  "grass_output_inputs": [
    [
      "GroundClutter",
      "/Game/Foliage/GT_alpine_8k_GroundClutter"
    ],
    [
      "Meadow",
      "/Game/Foliage/GT_alpine_8k_Meadow"
    ],
    [
      "Blueberry",
      "/Game/Foliage/GT_alpine_8k_Blueberry"
    ]
  ]
}
(25.3 s)

--- stderr ---

### C:\Users\Admin\AppData\Local\Programs\Python\Python312\python.exe C:\Users\Admin\UE5LandscapePipeline\scripts\ue_exec.py C:\Users\Admin\UE5LandscapePipeline\scripts\brief7_level_check_payload.txt --timeout 25 rc=0 dt=25s
  - 03AB2AD44E75EEDCD891CCA490CA42A7 (user=Admin, machine=LAPTOP-BN8417P3, project=LandscapeLab): MATCH
{
  "ok": true,
  "error": null,
  "world_path": "/Game/Canyon.Canyon",
  "world_name": "Canyon",
  "is_alpine8k": false,
  "grass_output_inputs": [
    [
      "GroundClutter",
      "/Game/Foliage/GT_alpine_8k_GroundClutter"
    ],
    [
      "Meadow",
      "/Game/Foliage/GT_alpine_8k_Meadow"
    ],
    [
      "Blueberry",
      "/Game/Foliage/GT_alpine_8k_Blueberry"
    ]
  ]
}
(25.3 s)

--- stderr ---

### C:\Users\Admin\AppData\Local\Programs\Python\Python312\python.exe C:\Users\Admin\UE5LandscapePipeline\scripts\ue_exec.py C:\Users\Admin\UE5LandscapePipeline\scripts\brief7_level_check_payload.txt --timeout 25 rc=0 dt=25s
  - B9EA97A54A424C953E9721A67D49E092 (user=Admin, machine=LAPTOP-BN8417P3, project=LandscapeLab): MATCH
{
  "ok": true,
  "error": null,
  "world_path": "/Game/Canyon.Canyon",
  "world_name": "Canyon",
  "is_alpine8k": false,
  "grass_output_inputs": [
    [
      "GroundClutter",
      "/Game/Foliage/GT_alpine_8k_GroundClutter"
    ],
    [
      "Meadow",
      "/Game/Foliage/GT_alpine_8k_Meadow"
    ],
    [
      "Blueberry",
      "/Game/Foliage/GT_alpine_8k_Blueberry"
    ]
  ]
}
(25.3 s)

--- stderr ---

### C:\Users\Admin\AppData\Local\Programs\Python\Python312\python.exe C:\Users\Admin\UE5LandscapePipeline\scripts\ue_exec.py C:\Users\Admin\UE5LandscapePipeline\scripts\brief7_level_check_payload.txt --timeout 25 rc=0 dt=25s
  - 4D6A42474ED95842D1B6539965E4725D (user=Admin, machine=LAPTOP-BN8417P3, project=LandscapeLab): MATCH
{
  "ok": true,
  "error": null,
  "world_path": "/Game/Alpine8K.Alpine8K",
  "world_name": "Alpine8K",
  "is_alpine8k": true,
  "grass_output_inputs": [
    [
      "GroundClutter",
      "/Game/Foliage/GT_alpine_8k_GroundClutter"
    ],
    [
      "Meadow",
      "/Game/Foliage/GT_alpine_8k_Meadow"
    ],
    [
      "Blueberry",
      "/Game/Foliage/GT_alpine_8k_Blueberry"
    ],
    [
      "MeadowFar",
      "/Game/Foliage/GT_alpine_8k_MeadowFar"
    ],
    [
      "ForestLitter",
      "/Game/Foliage/GT_alpine_8k_ForestLitter"
    ],
    [
      "ForestShrub",
      "/Game/Foliage/GT_alpine_8k_ForestShrub"
    ],
    [
      "ForestStones",
      "/Game/Foliage/GT_alpine_8k_ForestStones"
    ]
  ]
}
(25.4 s)

--- stderr ---

### C:\Users\Admin\AppData\Local\Programs\Python\Python312\python.exe C:\Users\Admin\UE5LandscapePipeline\scripts\ue_exec.py C:\Users\Admin\UE5LandscapePipeline\scripts\brief7_level_check_payload.txt --timeout 25 rc=0 dt=25s
  - 7E726CC242D8F7B354A0FEABE53305DE (user=Admin, machine=LAPTOP-BN8417P3, project=LandscapeLab): MATCH
{
  "ok": true,
  "error": null,
  "world_path": "/Game/Alpine8K.Alpine8K",
  "world_name": "Alpine8K",
  "is_alpine8k": true,
  "grass_output_inputs": [
    [
      "GroundClutter",
      "/Game/Foliage/GT_alpine_8k_GroundClutter"
    ],
    [
      "Meadow",
      "/Game/Foliage/GT_alpine_8k_Meadow"
    ],
    [
      "Blueberry",
      "/Game/Foliage/GT_alpine_8k_Blueberry"
    ],
    [
      "MeadowFar",
      "/Game/Foliage/GT_alpine_8k_MeadowFar"
    ],
    [
      "ForestLitter",
      "/Game/Foliage/GT_alpine_8k_ForestLitter"
    ],
    [
      "ForestShrub",
      "/Game/Foliage/GT_alpine_8k_ForestShrub"
    ],
    [
      "ForestStones",
      "/Game/Foliage/GT_alpine_8k_ForestStones"
    ]
  ]
}
(25.3 s)

--- stderr ---

