### C:\Users\Admin\AppData\Local\Programs\Python\Python312\python.exe C:\Users\Admin\UE5LandscapePipeline\scripts\resource_guard.py rc=0 dt=0s
REPO_ROOT : C:\Users\Admin\UE5LandscapePipeline
lock file : C:\Users\Admin\UE5LandscapePipeline\.heavy-op.lock
memory    : 19.6 GB free of 31.4 GB
held by   : nobody

--- stderr ---

### C:\Users\Admin\AppData\Local\Programs\Python\Python312\python.exe C:\Users\Admin\UE5LandscapePipeline\scripts\resource_guard.py rc=0 dt=0s
REPO_ROOT : C:\Users\Admin\UE5LandscapePipeline
lock file : C:\Users\Admin\UE5LandscapePipeline\.heavy-op.lock
memory    : 20.6 GB free of 31.4 GB
held by   : nobody

--- stderr ---

### C:\Users\Admin\AppData\Local\Programs\Python\Python312\python.exe C:\Users\Admin\UE5LandscapePipeline\scripts\resource_guard.py rc=0 dt=0s
REPO_ROOT : C:\Users\Admin\UE5LandscapePipeline
lock file : C:\Users\Admin\UE5LandscapePipeline\.heavy-op.lock
memory    : 22.2 GB free of 31.4 GB
held by   : nobody

--- stderr ---

### C:\Users\Admin\AppData\Local\Programs\Python\Python312\python.exe C:\Users\Admin\UE5LandscapePipeline\scripts\resource_guard.py rc=0 dt=0s
REPO_ROOT : C:\Users\Admin\UE5LandscapePipeline
lock file : C:\Users\Admin\UE5LandscapePipeline\.heavy-op.lock
memory    : 21.9 GB free of 31.4 GB
held by   : nobody

--- stderr ---

### C:\Users\Admin\AppData\Local\Programs\Python\Python312\python.exe C:\Users\Admin\UE5LandscapePipeline\scripts\resource_guard.py rc=0 dt=0s
REPO_ROOT : C:\Users\Admin\UE5LandscapePipeline
lock file : C:\Users\Admin\UE5LandscapePipeline\.heavy-op.lock
memory    : 22.0 GB free of 31.4 GB
held by   : nobody

--- stderr ---

### C:\Users\Admin\AppData\Local\Programs\Python\Python312\python.exe C:\Users\Admin\UE5LandscapePipeline\scripts\resource_guard.py rc=0 dt=0s
REPO_ROOT : C:\Users\Admin\UE5LandscapePipeline
lock file : C:\Users\Admin\UE5LandscapePipeline\.heavy-op.lock
memory    : 22.2 GB free of 31.4 GB
held by   : nobody

--- stderr ---

### C:\Users\Admin\AppData\Local\Programs\Python\Python312\python.exe C:\Users\Admin\UE5LandscapePipeline\scripts\resource_guard.py rc=0 dt=0s
REPO_ROOT : C:\Users\Admin\UE5LandscapePipeline
lock file : C:\Users\Admin\UE5LandscapePipeline\.heavy-op.lock
memory    : 21.8 GB free of 31.4 GB
held by   : nobody

--- stderr ---

### C:\Users\Admin\AppData\Local\Programs\Python\Python312\python.exe C:\Users\Admin\UE5LandscapePipeline\scripts\resource_guard.py rc=0 dt=0s
REPO_ROOT : C:\Users\Admin\UE5LandscapePipeline
lock file : C:\Users\Admin\UE5LandscapePipeline\.heavy-op.lock
memory    : 21.7 GB free of 31.4 GB
held by   : nobody

--- stderr ---

### C:\Users\Admin\AppData\Local\Programs\Python\Python312\python.exe C:\Users\Admin\UE5LandscapePipeline\scripts\resource_guard.py rc=0 dt=0s
REPO_ROOT : C:\Users\Admin\UE5LandscapePipeline
lock file : C:\Users\Admin\UE5LandscapePipeline\.heavy-op.lock
memory    : 21.1 GB free of 31.4 GB
held by   : nobody

--- stderr ---

### C:\Users\Admin\AppData\Local\Programs\Python\Python312\python.exe C:\Users\Admin\UE5LandscapePipeline\scripts\resource_guard.py rc=0 dt=0s
REPO_ROOT : C:\Users\Admin\UE5LandscapePipeline
lock file : C:\Users\Admin\UE5LandscapePipeline\.heavy-op.lock
memory    : 22.6 GB free of 31.4 GB
held by   : nobody

--- stderr ---

