--- resource guard: foliage placement (foliage regen) ---
  RAM: 19.7 GB available of 31.4 GB (warn below 4.0)
  lock taken (pid 13408)
  placement field: textures/alpine_8k_planting_planting.png  (planting field -- canopy-free, feedback loop cut)
density zone map: research/brief7/p3/zone_map.json  target(m_max)=5.4800  port xcheck max err 3.70e-05 over 726 bins
density ceiling: research/brief5/derived/density_ceiling.json  D_max=1691.0/bin (bin [-7, 8])  proj ceiled total 807,182

REPO_ROOT : C:\Users\Admin\UE5LandscapePipeline
map       : 8129 x 8129 cells, 8128 m span = 6606 hectares
flow map  : LOADED (normalised log-accumulation, not raw flow)

--- density gate ---
  zone map active: grid densified by m_max=5.4800 (recipe 135/ha -> grid 740/ha)
  740/ha over 6606 ha = 4,887,443 instances before masking
  ceiling 860,000 for the whole recipe

--- planned instances ---
  species        candidates     placed    accept    per ha
  Conifer         1,562,500    240,457    15.4%      36.4
  ConiferPine     1,123,600    179,810    16.0%      27.2
  SpruceSub       1,221,025    209,809    17.2%      31.8
  SpruceSapling     976,144    199,998    20.5%      30.3
  TOTAL                        830,074

  settlement exclusion: 1142 rectangles + a plaza disc, margins building 3.0 m / street 2.0 m / plaza 6.0 m
  water exclusion: encounters/alpine_8k_water_exclusion.npz (2033 x 2033 cells, 119396 water cells)
DRY RUN: writing plans to research\brief7\p3\dryrun (foliage/ untouched)
  perception: cull at the detail threshold (40.0 px), camera 90.0 deg 3840x2160
    Conifer        cull    512.0 m  (derived, clamped to streaming range)
  wrote research\brief7\p3\dryrun\alpine_8k_Conifer.json   230,690 instances  12.8 MB
    ConiferPine    cull    512.0 m  (derived, clamped to streaming range)
  wrote research\brief7\p3\dryrun\alpine_8k_ConiferPine.json   172,632 instances  9.6 MB
    SpruceSub      cull    512.0 m  (derived, clamped to streaming range)
  wrote research\brief7\p3\dryrun\alpine_8k_SpruceSub.json   201,647 instances  11.2 MB
    SpruceSapling  cull    238.3 m  (derived)
  wrote research\brief7\p3\dryrun\alpine_8k_SpruceSapling.json   192,531 instances  10.7 MB

--- settlement exclusion ---
  Conifer            1,788 removed
  ConiferPine        1,256 removed
  SpruceSapling      1,181 removed
  SpruceSub          1,389 removed
  TOTAL              5,614 removed from the town footprint
  NOTE: adopted rock plans are not filtered by this pass.

--- water exclusion (Brief-4 lakes) ---
  Conifer            7,979 removed
  ConiferPine        5,922 removed
  SpruceSapling      6,286 removed
  SpruceSub          6,773 removed
  TOTAL             26,960 removed from the water footprints

--- floor gate (F-1) ---
  read back 797,500 instances from 4 foliage plan file(s) on disk
  DEGRADE (NN6): no valid ruled count (got None). The floor gate cannot bind and did NOT run -- a plan half the intended size would NOT be caught. Pass --ruled-count N (the intended total, AUDIT F-1) to arm it.

======================================================================
PLAN ONLY — nothing was spawned. Every placement decision above is
verifiable from these files without an editor. Re-run with --place to build them.
======================================================================
