[2026.08.19-04.53.16:778][529]LogSkeletalMesh: Built Skeletal Mesh [4.07s] /Engine/Transient/FaceMesh_90.FaceMesh_90
[2026.08.19-04.53.16:818][529]LogSkinnedAsset: Display: Waiting for skinned assets to be ready 0/1 (FaceMesh_90) ...
[2026.08.19-04.53.16:971][529]LogDNAToSkelMeshMap: 	InitVertexMap:	1.127999
[2026.08.19-04.53.17:641][529]LogHairStrands: Display: Waiting for groom bindings to be ready 0/1 (Mustache_M_Stubble_Binding) ...
[2026.08.19-04.53.17:872][529]LogHairStrands: Display: Waiting for groom bindings to be ready 0/1 (Hair_M_Layered_Binding) ...
[2026.08.19-04.53.24:647][529]LogMetaHumanCharacterEditor: Error: Vertices do not match between current data and gold data. Max difference = 18.1982937 for vertex 7
[2026.08.19-04.53.24:647][529]LogMetaHumanCharacterEditor: Error: Vertex normals do not match between current data and gold data. Max difference = 1.99930501 for vertex normal 37617
[2026.08.19-04.53.24:647][529]LogMetaHumanCharacterEditor: Error: Vertices do not match between current data and gold data. Max difference = 18.1982937 for vertex 7
[2026.08.19-04.53.24:647][529]LogMetaHumanCharacterEditor: Error: Vertex normals do not match between current data and gold data. Max difference = 1.99930501 for vertex normal 37617
[2026.08.19-04.53.24:648][529]LogMetaHumanCharacterEditor: Error: Vertices do not match between current data and gold data. Max difference = 18.1982937 for vertex 7
[2026.08.19-04.53.24:648][529]LogMetaHumanCharacterEditor: Error: Vertex normals do not match between current data and gold data. Max difference = 1.99930501 for vertex normal 37617
[2026.08.19-04.53.24:648][529]LogMetaHumanCharacterEditor: Error: Vertices do not match between current data and gold data. Max difference = 18.1982937 for vertex 7
[2026.08.19-04.53.24:648][529]LogMetaHumanCharacterEditor: Error: Vertex normals do not match between current data and gold data. Max difference = 1.99930501 for vertex normal 37617
[2026.08.19-04.53.24:649][529]LogPython: __LL__{"ok": true, "error": null, "params": {"import_whole_rig": true, "isolate_head_from_body": false, "alignment_options": "<MetaHumanAlignmentOptions.NONE: 0>"}, "import_code": "<ImportErrorCode.SUCCESS: 13>", "import_success": true, "face_state_matches_master_within_norm": "NOT within 1.0", "dirty": ["/Game/Hero/MHC_AlpineHero_Scratch"]}

[2026.08.19-04.53.24:668][530]LogEOSSDK: LogEOS: Updating Product SDK Config, Time: 75234.484375
[2026.08.19-04.53.25:735][533]LogEOSSDK: LogEOS: SDK Config Product Update Request Completed - No Change
[2026.08.19-04.53.25:735][533]LogEOSSDK: LogEOS: ScheduleNextSDKConfigDataUpdate - Time: 75235.148438, Update Interval: 352.078613
[2026.08.19-04.53.34:468][ 50]LogUObjectHash: Compacting FUObjectHashTables data took   1.50ms
[2026.08.19-04.53.34:484][ 50]LogFileHelpers: Editor autosave (incl. external actors) for '/Game/Alpine8K' took 0.067
[2026.08.19-04.53.34:484][ 50]OBJ SavePackage: Generating thumbnails for [0] asset(s) in package [/Game/Hero/MHC_AlpineHero_Scratch] ([1] browsable assets)...
[2026.08.19-04.53.34:484][ 50]OBJ SavePackage: Finished generating thumbnails for package [/Game/Hero/MHC_AlpineHero_Scratch]
[2026.08.19-04.53.34:489][ 50]LogStreaming: Display: FlushAsyncLoading(4375): 1 QueuedPackages, 0 AsyncPackages
[2026.08.19-04.53.34:945][ 50]LogSavePackage: Moving output files for package: /Temp/Autosaves/Game/Hero/MHC_AlpineHero_Scratch_Auto0
[2026.08.19-04.53.34:945][ 50]LogSavePackage: Moving '../../../../../../Users/Admin/UE5LandscapePipeline/LandscapeLab/Saved/MHC_AlpineHero_Scratch_Auto0B474BBC2484D4DCECFF8F5BDB1B88EB6.tmp' to '../../../../../../Users/Admin/UE5LandscapePipeline/LandscapeLab/Saved/Autosaves/Game/Hero/MHC_AlpineHero_Scratch_Auto0.uasset'
[2026.08.19-04.53.34:946][ 50]LogFileHelpers: Auto-saving content packages took 0.462
[2026.08.19-04.53.45:510][247]LogPython: __LANDSCAPELAB_CONFIRM__{"project_dir": "C:/Users/Admin/UE5LandscapePipeline/LandscapeLab/", "engine_version": "5.8.1-56057345+++UE5+Release-5.8"}

[2026.08.19-04.53.46:590][249]LogStreaming: Display: FlushAsyncLoading(4383): 1 QueuedPackages, 0 AsyncPackages
[2026.08.19-04.53.46:628][249]LogPython: __LL__{"ok": true, "error": null, "added_for_editing": true, "assembled_for_preview": true, "spawned": true, "preview_mesh": "/Engine/Transient/FaceMesh_90.FaceMesh_90", "preview_bones": 875, "preview_actor_hidden": true, "subject_visible": true, "grooms_hidden": [], "groom_presence": {"Hair": {"has_asset": true, "visible": false}, "Eyebrows": {"has_asset": true, "visible": false}, "Beard": {"has_asset": true, "visible": false}, "Mustache": {"has_asset": true, "visible": false}, "Eyelashes": {"has_asset": false, "visible": false}, "Peachfuzz": {"has_asset": false, "visible": false}}, "subject_bounds": {"origin": [0.0, 2.697, 250151.053], "extent": [18.724, 10.859, 26.277]}, "dirty": ["/Game/Hero/MHC_AlpineHero_Scratch"]}

[2026.08.19-04.54.07:305][312]LogPython: __LANDSCAPELAB_CONFIRM__{"project_dir": "C:/Users/Admin/UE5LandscapePipeline/LandscapeLab/", "engine_version": "5.8.1-56057345+++UE5+Release-5.8"}

[2026.08.19-04.54.07:975][314]r.Streaming.FullyLoadUsedTextures = "1"
[2026.08.19-04.54.07:975][314]r.VT.MaxUploadsPerFrame = "512"
[2026.08.19-04.54.07:975][314]r.VT.MaxContinuousUpdatesPerFrame = "512"
[2026.08.19-04.54.08:722][314]LogPython: __LL__{"ok": true, "error": null, "camera": {"location": [2.9740836204439347e-05, 86.78391638185356, 250167.34455280696], "rotation": [0.0, -90.00000000000001, 0.0], "fov_angle": 24.0, "resolution": [2048, 2048], "exposure_bias": 0.0, "warmup_frames": 30, "capture_every_frame": false, "persist_rendering_state": true}, "lights": [{"name": "HeroStage_Key", "yaw": 240.0, "pitch": -22.0, "intensity": 25000.0, "comes_from_az": 60.0}, {"name": "HeroStage_Fill", "yaw": 315.0, "pitch": -8.0, "intensity": 7500.0, "comes_from_az": 135.0}, {"name": "HeroStage_Rim", "yaw": 90.0, "pitch": -5.0, "intensity": 11250.0, "comes_from_az": 270.0}], "hidden": [], "png": "C:\\\\Users\\\\Admin\\\\UE5LandscapePipeline\\\\_verify/hero_likeness\\sanctioned_imported_20260819T045346Z.png", "cvars": ["r.Streaming.FullyLoadUsedTextures 1", "r.VT.MaxUploadsPerFrame 512", "r.VT.MaxContinuousUpdatesPerFrame 512"], "refusals": []}

[2026.08.19-04.54.29:404][377]LogPython: __LANDSCAPELAB_CONFIRM__{"project_dir": "C:/Users/Admin/UE5LandscapePipeline/LandscapeLab/", "engine_version": "5.8.1-56057345+++UE5+Release-5.8"}

[2026.08.19-04.54.30:484][379]LogPython: __LL__{"ok": true, "error": null, "added_for_editing": true, "assembled_for_preview": true, "spawned": true, "preview_mesh": "/Engine/Transient/FaceMesh_90.FaceMesh_90", "preview_bones": 875, "preview_actor_hidden": true, "subject_visible": true, "grooms_hidden": [], "groom_presence": {"Hair": {"has_asset": true, "visible": false}, "Eyebrows": {"has_asset": true, "visible": false}, "Beard": {"has_asset": true, "visible": false}, "Mustache": {"has_asset": true, "visible": false}, "Eyelashes": {"has_asset": false, "visible": false}, "Peachfuzz": {"has_asset": false, "visible": false}}, "subject_bounds": {"origin": [0.0, 2.697, 250151.053], "extent": [18.724, 10.859, 26.277]}, "dirty": ["/Game/Hero/MHC_AlpineHero_Scratch"]}

[2026.08.19-04.54.51:163][442]LogPython: __LANDSCAPELAB_CONFIRM__{"project_dir": "C:/Users/Admin/UE5LandscapePipeline/LandscapeLab/", "engine_version": "5.8.1-56057345+++UE5+Release-5.8"}

[2026.08.19-04.54.51:834][444]r.Streaming.FullyLoadUsedTextures = "1"
[2026.08.19-04.54.51:834][444]r.VT.MaxUploadsPerFrame = "512"
[2026.08.19-04.54.51:834][444]r.VT.MaxContinuousUpdatesPerFrame = "512"
[2026.08.19-04.54.52:669][444]LogPython: __LL__{"ok": true, "error": null, "camera": {"location": [2.9740836204439347e-05, 86.78391638185356, 250167.34455280696], "rotation": [0.0, -90.00000000000001, 0.0], "fov_angle": 24.0, "resolution": [2048, 2048], "exposure_bias": 0.0, "warmup_frames": 30, "capture_every_frame": false, "persist_rendering_state": true}, "lights": [{"name": "HeroStage_Key", "yaw": 240.0, "pitch": -22.0, "intensity": 25000.0, "comes_from_az": 60.0}, {"name": "HeroStage_Fill", "yaw": 315.0, "pitch": -8.0, "intensity": 7500.0, "comes_from_az": 135.0}, {"name": "HeroStage_Rim", "yaw": 90.0, "pitch": -5.0, "intensity": 11250.0, "comes_from_az": 270.0}], "hidden": [], "png": "C:\\\\Users\\\\Admin\\\\UE5LandscapePipeline\\\\_verify/hero_likeness\\sanctioned_imported_r1_20260819T045430Z.png", "cvars": ["r.Streaming.FullyLoadUsedTextures 1", "r.VT.MaxUploadsPerFrame 512", "r.VT.MaxContinuousUpdatesPerFrame 512"], "refusals": []}

[2026.08.19-04.55.19:677][526]LogPython: __LANDSCAPELAB_CONFIRM__{"project_dir": "C:/Users/Admin/UE5LandscapePipeline/LandscapeLab/", "engine_version": "5.8.1-56057345+++UE5+Release-5.8"}

[2026.08.19-04.55.20:346][528]r.Streaming.FullyLoadUsedTextures = "1"
[2026.08.19-04.55.20:346][528]r.VT.MaxUploadsPerFrame = "512"
[2026.08.19-04.55.20:346][528]r.VT.MaxContinuousUpdatesPerFrame = "512"
[2026.08.19-04.55.21:109][528]LogPython: __LL__{"ok": true, "error": null, "camera": {"location": [2.9740836204439347e-05, 86.78391638185356, 250167.34455280696], "rotation": [0.0, -90.00000000000001, 0.0], "fov_angle": 24.0, "resolution": [2048, 2048], "exposure_bias": 0.0, "warmup_frames": 30, "capture_every_frame": false, "persist_rendering_state": true}, "lights": [{"name": "HeroStage_Key", "yaw": 240.0, "pitch": -22.0, "intensity": 25000.0, "comes_from_az": 60.0}, {"name": "HeroStage_Fill", "yaw": 315.0, "pitch": -8.0, "intensity": 7500.0, "comes_from_az": 135.0}, {"name": "HeroStage_Rim", "yaw": 90.0, "pitch": -5.0, "intensity": 11250.0, "comes_from_az": 270.0}], "hidden": [], "png": "C:\\\\Users\\\\Admin\\\\UE5LandscapePipeline\\\\_verify/hero_likeness\\settle_0_20260819T045459Z.png", "cvars": ["r.Streaming.FullyLoadUsedTextures 1", "r.VT.MaxUploadsPerFrame 512", "r.VT.MaxContinuousUpdatesPerFrame 512"], "refusals": []}

[2026.08.19-04.55.41:796][591]LogPython: __LANDSCAPELAB_CONFIRM__{"project_dir": "C:/Users/Admin/UE5LandscapePipeline/LandscapeLab/", "engine_version": "5.8.1-56057345+++UE5+Release-5.8"}

[2026.08.19-04.55.42:468][593]r.Streaming.FullyLoadUsedTextures = "1"
[2026.08.19-04.55.42:468][593]r.VT.MaxUploadsPerFrame = "512"
[2026.08.19-04.55.42:468][593]r.VT.MaxContinuousUpdatesPerFrame = "512"
[2026.08.19-04.55.43:297][593]LogPython: __LL__{"ok": true, "error": null, "camera": {"location": [2.9740836204439347e-05, 86.78391638185356, 250167.34455280696], "rotation": [0.0, -90.00000000000001, 0.0], "fov_angle": 24.0, "resolution": [2048, 2048], "exposure_bias": 0.0, "warmup_frames": 30, "capture_every_frame": false, "persist_rendering_state": true}, "lights": [{"name": "HeroStage_Key", "yaw": 240.0, "pitch": -22.0, "intensity": 25000.0, "comes_from_az": 60.0}, {"name": "HeroStage_Fill", "yaw": 315.0, "pitch": -8.0, "intensity": 7500.0, "comes_from_az": 135.0}, {"name": "HeroStage_Rim", "yaw": 90.0, "pitch": -5.0, "intensity": 11250.0, "comes_from_az": 270.0}], "hidden": [], "png": "C:\\\\Users\\\\Admin\\\\UE5LandscapePipeline\\\\_verify/hero_likeness\\settle_1_20260819T045521Z.png", "cvars": ["r.Streaming.FullyLoadUsedTextures 1", "r.VT.MaxUploadsPerFrame 512", "r.VT.MaxContinuousUpdatesPerFrame 512"], "refusals": []}

[2026.08.19-04.56.03:976][656]LogPython: __LANDSCAPELAB_CONFIRM__{"project_dir": "C:/Users/Admin/UE5LandscapePipeline/LandscapeLab/", "engine_version": "5.8.1-56057345+++UE5+Release-5.8"}

[2026.08.19-04.56.04:646][658]r.Streaming.FullyLoadUsedTextures = "1"
[2026.08.19-04.56.04:646][658]r.VT.MaxUploadsPerFrame = "512"
[2026.08.19-04.56.04:646][658]r.VT.MaxContinuousUpdatesPerFrame = "512"
[2026.08.19-04.56.05:497][658]LogPython: __LL__{"ok": true, "error": null, "camera": {"location": [2.9740836204439347e-05, 86.78391638185356, 250167.34455280696], "rotation": [0.0, -90.00000000000001, 0.0], "fov_angle": 24.0, "resolution": [2048, 2048], "exposure_bias": 0.0, "warmup_frames": 30, "capture_every_frame": false, "persist_rendering_state": true}, "lights": [{"name": "HeroStage_Key", "yaw": 240.0, "pitch": -22.0, "intensity": 25000.0, "comes_from_az": 60.0}, {"name": "HeroStage_Fill", "yaw": 315.0, "pitch": -8.0, "intensity": 7500.0, "comes_from_az": 135.0}, {"name": "HeroStage_Rim", "yaw": 90.0, "pitch": -5.0, "intensity": 11250.0, "comes_from_az": 270.0}], "hidden": [], "png": "C:\\\\Users\\\\Admin\\\\UE5LandscapePipeline\\\\_verify/hero_likeness\\noise_a_20260819T045543Z.png", "cvars": ["r.Streaming.FullyLoadUsedTextures 1", "r.VT.MaxUploadsPerFrame 512", "r.VT.MaxContinuousUpdatesPerFrame 512"], "refusals": []}

[2026.08.19-04.56.26:844][723]LogPython: __LANDSCAPELAB_CONFIRM__{"project_dir": "C:/Users/Admin/UE5LandscapePipeline/LandscapeLab/", "engine_version": "5.8.1-56057345+++UE5+Release-5.8"}

[2026.08.19-04.56.27:944][725]LogPython: __LL__{"ok": true, "error": null, "added_for_editing": true, "assembled_for_preview": true, "spawned": true, "preview_mesh": "/Engine/Transient/FaceMesh_90.FaceMesh_90", "preview_bones": 875, "preview_actor_hidden": true, "subject_visible": true, "grooms_hidden": [], "groom_presence": {"Hair": {"has_asset": true, "visible": false}, "Eyebrows": {"has_asset": true, "visible": false}, "Beard": {"has_asset": true, "visible": false}, "Mustache": {"has_asset": true, "visible": false}, "Eyelashes": {"has_asset": false, "visible": false}, "Peachfuzz": {"has_asset": false, "visible": false}}, "subject_bounds": {"origin": [0.0, 2.697, 250151.053], "extent": [18.724, 10.859, 26.277]}, "dirty": ["/Game/Hero/MHC_AlpineHero_Scratch"]}

[2026.08.19-04.56.48:624][788]LogPython: __LANDSCAPELAB_CONFIRM__{"project_dir": "C:/Users/Admin/UE5LandscapePipeline/LandscapeLab/", "engine_version": "5.8.1-56057345+++UE5+Release-5.8"}

[2026.08.19-04.56.49:294][790]r.Streaming.FullyLoadUsedTextures = "1"
[2026.08.19-04.56.49:294][790]r.VT.MaxUploadsPerFrame = "512"
[2026.08.19-04.56.49:294][790]r.VT.MaxContinuousUpdatesPerFrame = "512"
[2026.08.19-04.56.50:096][790]LogPython: __LL__{"ok": true, "error": null, "camera": {"location": [2.9740836204439347e-05, 86.78391638185356, 250167.34455280696], "rotation": [0.0, -90.00000000000001, 0.0], "fov_angle": 24.0, "resolution": [2048, 2048], "exposure_bias": 0.0, "warmup_frames": 30, "capture_every_frame": false, "persist_rendering_state": true}, "lights": [{"name": "HeroStage_Key", "yaw": 240.0, "pitch": -22.0, "intensity": 25000.0, "comes_from_az": 60.0}, {"name": "HeroStage_Fill", "yaw": 315.0, "pitch": -8.0, "intensity": 7500.0, "comes_from_az": 135.0}, {"name": "HeroStage_Rim", "yaw": 90.0, "pitch": -5.0, "intensity": 11250.0, "comes_from_az": 270.0}], "hidden": [], "png": "C:\\\\Users\\\\Admin\\\\UE5LandscapePipeline\\\\_verify/hero_likeness\\noise_b_20260819T045628Z.png", "cvars": ["r.Streaming.FullyLoadUsedTextures 1", "r.VT.MaxUploadsPerFrame 512", "r.VT.MaxContinuousUpdatesPerFrame 512"], "refusals": []}

[2026.08.19-04.57.11:116][854]LogPython: __LANDSCAPELAB_CONFIRM__{"project_dir": "C:/Users/Admin/UE5LandscapePipeline/LandscapeLab/", "engine_version": "5.8.1-56057345+++UE5+Release-5.8"}

[2026.08.19-04.57.12:218][856]LogPython: __LL__{"ok": true, "error": null, "added_for_editing": true, "assembled_for_preview": true, "spawned": true, "preview_mesh": "/Engine/Transient/FaceMesh_90.FaceMesh_90", "preview_bones": 875, "preview_actor_hidden": true, "subject_visible": true, "grooms_hidden": [], "groom_presence": {"Hair": {"has_asset": true, "visible": false}, "Eyebrows": {"has_asset": true, "visible": false}, "Beard": {"has_asset": true, "visible": false}, "Mustache": {"has_asset": true, "visible": false}, "Eyelashes": {"has_asset": false, "visible": false}, "Peachfuzz": {"has_asset": false, "visible": false}}, "subject_bounds": {"origin": [0.0, 2.697, 250151.053], "extent": [18.724, 10.859, 26.277]}, "dirty": ["/Game/Hero/MHC_AlpineHero_Scratch"]}

[2026.08.19-04.57.32:894][919]LogPython: __LANDSCAPELAB_CONFIRM__{"project_dir": "C:/Users/Admin/UE5LandscapePipeline/LandscapeLab/", "engine_version": "5.8.1-56057345+++UE5+Release-5.8"}

[2026.08.19-04.57.33:564][921]r.Streaming.FullyLoadUsedTextures = "1"
[2026.08.19-04.57.33:564][921]r.VT.MaxUploadsPerFrame = "512"
[2026.08.19-04.57.33:564][921]r.VT.MaxContinuousUpdatesPerFrame = "512"
[2026.08.19-04.57.34:312][921]LogPython: __LL__{"ok": true, "error": null, "camera": {"location": [2.9740836204439347e-05, 86.78391638185356, 250167.34455280696], "rotation": [0.0, -90.00000000000001, 0.0], "fov_angle": 24.0, "resolution": [2048, 2048], "exposure_bias": 0.0, "warmup_frames": 30, "capture_every_frame": false, "persist_rendering_state": true}, "lights": [{"name": "HeroStage_Key", "yaw": 240.0, "pitch": -22.0, "intensity": 25000.0, "comes_from_az": 60.0}, {"name": "HeroStage_Fill", "yaw": 315.0, "pitch": -8.0, "intensity": 7500.0, "comes_from_az": 135.0}, {"name": "HeroStage_Rim", "yaw": 90.0, "pitch": -5.0, "intensity": 11250.0, "comes_from_az": 270.0}], "hidden": [], "png": "C:\\\\Users\\\\Admin\\\\UE5LandscapePipeline\\\\_verify/hero_likeness\\noise_c_20260819T045712Z.png", "cvars": ["r.Streaming.FullyLoadUsedTextures 1", "r.VT.MaxUploadsPerFrame 512", "r.VT.MaxContinuousUpdatesPerFrame 512"], "refusals": []}

[2026.08.19-04.57.55:002][984]LogPython: __LANDSCAPELAB_CONFIRM__{"project_dir": "C:/Users/Admin/UE5LandscapePipeline/LandscapeLab/", "engine_version": "5.8.1-56057345+++UE5+Release-5.8"}

[2026.08.19-04.57.56:095][986]LogPython: __LL__{"ok": true, "error": null, "added_for_editing": true, "assembled_for_preview": true, "spawned": true, "preview_mesh": "/Engine/Transient/FaceMesh_90.FaceMesh_90", "preview_bones": 875, "preview_actor_hidden": true, "subject_visible": true, "grooms_hidden": [], "groom_presence": {"Hair": {"has_asset": true, "visible": false}, "Eyebrows": {"has_asset": true, "visible": false}, "Beard": {"has_asset": true, "visible": false}, "Mustache": {"has_asset": true, "visible": false}, "Eyelashes": {"has_asset": false, "visible": false}, "Peachfuzz": {"has_asset": false, "visible": false}}, "subject_bounds": {"origin": [0.0, 2.697, 250151.053], "extent": [18.724, 10.859, 26.277]}, "dirty": ["/Game/Hero/MHC_AlpineHero_Scratch"]}

[2026.08.19-04.58.16:768][ 49]LogPython: __LANDSCAPELAB_CONFIRM__{"project_dir": "C:/Users/Admin/UE5LandscapePipeline/LandscapeLab/", "engine_version": "5.8.1-56057345+++UE5+Release-5.8"}

[2026.08.19-04.58.17:439][ 51]r.Streaming.FullyLoadUsedTextures = "1"
[2026.08.19-04.58.17:439][ 51]r.VT.MaxUploadsPerFrame = "512"
[2026.08.19-04.58.17:439][ 51]r.VT.MaxContinuousUpdatesPerFrame = "512"
[2026.08.19-04.58.18:307][ 51]LogPython: __LL__{"ok": true, "error": null, "camera": {"location": [2.9740836204439347e-05, 86.78391638185356, 250167.34455280696], "rotation": [0.0, -90.00000000000001, 0.0], "fov_angle": 24.0, "resolution": [2048, 2048], "exposure_bias": 0.0, "warmup_frames": 30, "capture_every_frame": false, "persist_rendering_state": true}, "lights": [{"name": "HeroStage_Key", "yaw": 240.0, "pitch": -22.0, "intensity": 25000.0, "comes_from_az": 60.0}, {"name": "HeroStage_Fill", "yaw": 315.0, "pitch": -8.0, "intensity": 7500.0, "comes_from_az": 135.0}, {"name": "HeroStage_Rim", "yaw": 90.0, "pitch": -5.0, "intensity": 11250.0, "comes_from_az": 270.0}], "hidden": [], "png": "C:\\\\Users\\\\Admin\\\\UE5LandscapePipeline\\\\_verify/hero_likeness\\noise_d_20260819T045756Z.png", "cvars": ["r.Streaming.FullyLoadUsedTextures 1", "r.VT.MaxUploadsPerFrame 512", "r.VT.MaxContinuousUpdatesPerFrame 512"], "refusals": []}

[2026.08.19-04.59.56:654][347]LogEOSSDK: LogEOS: Updating Product SDK Config, Time: 75628.546875
[2026.08.19-04.59.57:653][350]LogEOSSDK: LogEOS: SDK Config Product Update Request Completed - No Change
[2026.08.19-04.59.57:653][350]LogEOSSDK: LogEOS: ScheduleNextSDKConfigDataUpdate - Time: 75629.218750, Update Interval: 349.764099
[2026.08.19-05.00.34:987][462]LogPython: __LANDSCAPELAB_CONFIRM__{"project_dir": "C:/Users/Admin/UE5LandscapePipeline/LandscapeLab/", "engine_version": "5.8.1-56057345+++UE5+Release-5.8"}

[2026.08.19-05.00.35:850][464]LogPython: __LL__{"ok": true, "error": null, "MHC_AlpineHero_Head.dna": {"mesh": "head_lod0_mesh", "verts": 24049, "min": [-19.0336, 140.8777, -11.6156], "max": [19.0336, 178.4386, 14.9879], "extent": [38.0672, 37.5609, 26.6034]}, "wholerig_chin_down2cm.dna": {"mesh": "head_lod0_mesh", "verts": 24049, "min": [-19.0336, 140.8777, -11.6156], "max": [19.0336, 178.4386, 14.9879], "extent": [38.0672, 37.5609, 26.6034]}, "depth2_chin_jaw.dna": {"mesh": "head_lod0_mesh", "verts": 24049, "min": [-19.2212, 140.8777, -11.6156], "max": [19.2212, 178.4386, 14.9879], "extent": [38.4424, 37.5609, 26.6034]}}

[2026.08.19-05.01.20:986][600]LogPython: __LANDSCAPELAB_CONFIRM__{"project_dir": "C:/Users/Admin/UE5LandscapePipeline/LandscapeLab/", "engine_version": "5.8.1-56057345+++UE5+Release-5.8"}

[2026.08.19-05.01.22:189][602]LogPython: __LL__{"ok": true, "error": null, "reader_info": "format 2.5; axes X=Left Y=Up Z=Front; translation unit cm; rotation unit degrees; joints 870; legacy-wrapped no", "mesh_count": 50, "mesh_name": "head_lod0_mesh", "mesh_vertices": 24049, "mesh_bounds": {"min": [-19.034, 140.878, -11.616], "max": [19.034, 178.439, 14.988]}, "core": 570, "selected": 3385, "vertices": 24049, "layer_note": "EDIT touched GEOMETRY (vertex positions, 3385 weighted of 24049, 570 at full weight, feather band 2.500 cm, smoothstep) of mesh 0 'head_lod0_mesh'; WROTE EDNADataLayer::All to C:/Users/Admin/UE5LandscapePipeline/LandscapeLab/Saved/HeroDNA/jawonly_a.dna; self-verified 3385 weighted (against original + Delta*w) and 512 zero-weight vertices"}

[2026.08.19-05.01.42:871][665]LogPython: __LANDSCAPELAB_CONFIRM__{"project_dir": "C:/Users/Admin/UE5LandscapePipeline/LandscapeLab/", "engine_version": "5.8.1-56057345+++UE5+Release-5.8"}

[2026.08.19-05.01.44:068][667]LogPython: __LL__{"ok": true, "error": null, "reader_info": "format 2.5; axes X=Left Y=Up Z=Front; translation unit cm; rotation unit degrees; joints 870; legacy-wrapped no", "mesh_count": 50, "mesh_name": "head_lod0_mesh", "mesh_vertices": 24049, "mesh_bounds": {"min": [-19.034, 140.878, -11.616], "max": [19.221, 178.439, 14.988]}, "core": 579, "selected": 3398, "vertices": 24049, "layer_note": "EDIT touched GEOMETRY (vertex positions, 3398 weighted of 24049, 579 at full weight, feather band 2.500 cm, smoothstep) of mesh 0 'head_lod0_mesh'; WROTE EDNADataLayer::All to C:/Users/Admin/UE5LandscapePipeline/LandscapeLab/Saved/HeroDNA/jawonly.dna; self-verified 3398 weighted (against original + Delta*w) and 512 zero-weight vertices"}

[2026.08.19-05.02.12:752][754]LogPython: __LANDSCAPELAB_CONFIRM__{"project_dir": "C:/Users/Admin/UE5LandscapePipeline/LandscapeLab/", "engine_version": "5.8.1-56057345+++UE5+Release-5.8"}

[2026.08.19-05.02.14:417][756]LogUObjectGlobals: Reloading 1 Package(s):
	Asset Name: /Game/Hero/MHC_AlpineHero_Scratch
[2026.08.19-05.02.14:497][756]LogUObjectHash: Compacting FUObjectHashTables data took   1.22ms
[2026.08.19-05.02.14:668][756]LogDatasmithContent: Do not use the UDatasmithStaticMeshCADImportData to store CAD data as the class is now deprecated.
[2026.08.19-05.02.15:778][756]LogUObjectHash: Compacting FUObjectHashTables data took   1.32ms
[2026.08.19-05.02.21:606][756]LogWindows: Error: === Critical error: ===
[2026.08.19-05.02.21:606][756]LogWindows: Error: 
[2026.08.19-05.02.21:606][756]LogWindows: Error: Fatal error!
[2026.08.19-05.02.21:606][756]LogWindows: Error: 
[2026.08.19-05.02.21:606][756]LogWindows: Error: Unhandled Exception: EXCEPTION_ACCESS_VIOLATION reading address 0x0000000000000470
[2026.08.19-05.02.21:606][756]LogWindows: Error: 
[2026.08.19-05.02.21:606][756]LogWindows: Error: [Callstack] 0x000001abddc53a07 UnrealEditor-MetaHumanCharacterEditor.dll!UnknownFunction []
[2026.08.19-05.02.21:606][756]LogWindows: Error: [Callstack] 0x000001abddc6879f UnrealEditor-MetaHumanCharacterEditor.dll!UnknownFunction []
[2026.08.19-05.02.21:606][756]LogWindows: Error: [Callstack] 0x000001abddc54376 UnrealEditor-MetaHumanCharacterEditor.dll!UnknownFunction []
[2026.08.19-05.02.21:606][756]LogWindows: Error: [Callstack] 0x000001abddc66120 UnrealEditor-MetaHumanCharacterEditor.dll!UnknownFunction []
[2026.08.19-05.02.21:606][756]LogWindows: Error: [Callstack] 0x00007ffad5baaee1 UnrealEditor-Engine.dll!UnknownFunction []
[2026.08.19-05.02.21:606][756]LogWindows: Error: [Callstack] 0x00007ffad623fb95 UnrealEditor-Engine.dll!UnknownFunction []
[2026.08.19-05.02.21:606][756]LogWindows: Error: [Callstack] 0x00007ffac74f7ab4 UnrealEditor-UnrealEd.dll!UnknownFunction []
[2026.08.19-05.02.21:606][756]LogWindows: Error: [Callstack] 0x00007ffac72a70c3 UnrealEditor-UnrealEd.dll!UnknownFunction []
[2026.08.19-05.02.21:606][756]LogWindows: Error: [Callstack] 0x00007ffb393e7b7c UnrealEditor-CoreUObject.dll!UnknownFunction []
[2026.08.19-05.02.21:606][756]LogWindows: Error: [Callstack] 0x00007ffb397619e2 UnrealEditor-CoreUObject.dll!UnknownFunction []
[2026.08.19-05.02.21:606][756]LogWindows: Error: [Callstack] 0x000001ab9e515223 UnrealEditor-PythonScriptPlugin.dll!UnknownFunction []
[2026.08.19-05.02.21:606][756]LogWindows: Error: [Callstack] 0x000001ab9e563d4e UnrealEditor-PythonScriptPlugin.dll!UnknownFunction []
[2026.08.19-05.02.21:606][756]LogWindows: Error: [Callstack] 0x000001ab9e5612f2 UnrealEditor-PythonScriptPlugin.dll!UnknownFunction []
[2026.08.19-05.02.21:606][756]LogWindows: Error: [Callstack] 0x000001ab9e47937e UnrealEditor-PythonScriptPlugin.dll!UnknownFunction []
[2026.08.19-05.02.21:606][756]LogWindows: Error: [Callstack] 0x00007ffab7251263 python311.dll!UnknownFunction []
[2026.08.19-05.02.21:606][756]LogWindows: Error: [Callstack] 0x00007ffab72548df python311.dll!UnknownFunction []
[2026.08.19-05.02.21:606][756]LogWindows: Error: [Callstack] 0x00007ffab72560b2 python311.dll!UnknownFunction []
[2026.08.19-05.02.21:606][756]LogWindows: Error: [Callstack] 0x00007ffab72b56bf python311.dll!UnknownFunction []
[2026.08.19-05.02.21:606][756]LogWindows: Error: [Callstack] 0x00007ffab72b70bf python311.dll!UnknownFunction []
[2026.08.19-05.02.21:606][756]LogWindows: Error: [Callstack] 0x000001ab9e4ff678 UnrealEditor-PythonScriptPlugin.dll!UnknownFunction []
[2026.08.19-05.02.21:606][756]LogWindows: Error: [Callstack] 0x000001ab9e52b270 UnrealEditor-PythonScriptPlugin.dll!UnknownFunction []
[2026.08.19-05.02.21:606][756]LogWindows: Error: [Callstack] 0x000001ab9e4ffc88 UnrealEditor-PythonScriptPlugin.dll!UnknownFunction []
[2026.08.19-05.02.21:606][756]LogWindows: Error: [Callstack] 0x000001ab9e533c70 UnrealEditor-PythonScriptPlugin.dll!UnknownFunction []
[2026.08.19-05.02.21:606][756]LogWindows: Error: [Callstack] 0x000001ab9e4e8e3b UnrealEditor-PythonScriptPlugin.dll!UnknownFunction []
[2026.08.19-05.02.21:606][756]LogWindows: Error: [Callstack] 0x00007ffb3aba7e8b UnrealEditor-Core.dll!UnknownFunction []
[2026.08.19-05.02.21:606][756]LogWindows: Error: [Callstack] 0x00007ffb3ac159df UnrealEditor-Core.dll!UnknownFunction []
[2026.08.19-05.02.21:606][756]LogWindows: Error: [Callstack] 0x00007ff62d033a11 UnrealEditor.exe!UnknownFunction []
[2026.08.19-05.02.21:606][756]LogWindows: Error: [Callstack] 0x00007ff62d01c4ac UnrealEditor.exe!UnknownFunction []
[2026.08.19-05.02.21:606][756]LogWindows: Error: [Callstack] 0x00007ff62d01c5ba UnrealEditor.exe!UnknownFunction []
[2026.08.19-05.02.21:606][756]LogWindows: Error: [Callstack] 0x00007ff62d021256 UnrealEditor.exe!UnknownFunction []
[2026.08.19-05.02.21:606][756]LogWindows: Error: [Callstack] 0x00007ff62d035c74 UnrealEditor.exe!UnknownFunction []
[2026.08.19-05.02.21:606][756]LogWindows: Error: [Callstack] 0x00007ff62d03902a UnrealEditor.exe!UnknownFunction []
[2026.08.19-05.02.21:606][756]LogWindows: Error: [Callstack] 0x00007ffbb914ccb7 KERNEL32.DLL!UnknownFunction []
[2026.08.19-05.02.21:606][756]LogWindows: Error: 
[2026.08.19-05.02.21:618][756]LogExit: Executing StaticShutdownAfterError
[2026.08.19-05.02.21:693][756]LogWindows: FPlatformMisc::RequestExit(1, LaunchWindowsStartup.ExceptionHandler)
[2026.08.19-05.02.21:693][756]LogWindows: FPlatformMisc::RequestExitWithStatus(1, 3, LaunchWindowsStartup.ExceptionHandler)
[2026.08.19-05.02.21:693][756]LogCore: Engine exit requested (reason: Win RequestExit)
