
-------------------------------------------------------------------------------
   ROBOCOPY     ::     Robust File Copy for Windows                              
-------------------------------------------------------------------------------

  Started : Monday, August 10, 2026 8:43:52 PM
   Source : C:\Users\ryanb\Downloads\
     Dest : \\192.168.1.10\Migration\Asset_Sources\

    Files : *.*
	    
  Options : *.* /S /E /DCOPY:DA /COPY:DAT /PURGE /MIR /NP /R:3 /W:5 

------------------------------------------------------------------------------

	  New Dir         16	C:\Users\ryanb\Downloads\
	    New File  		 444.0 m	50 Free .PNG Heightmaps for Unreal Engine by GameDevGary.zip
	    New File  		 236.0 m	animations.zip
	    New File  		     282	desktop.ini
	    New File  		 509.7 m	fir_tree_01_4k.fbx.zip
	    New File  		  378488	GaeaSetup.exe
	    New File  		  39.7 m	grass_medium_01_4k.fbx.zip
	    New File  		   7.3 m	grass_medium_02_4k.fbx.zip
	    New File  		 266.8 m	Ground037_4K-PNG.zip
	    New File  		  57.1 m	leafy_grass_4k.gltf.zip
	    New File  		   1.4 g	OllamaSetup.exe
	    New File  		 221.6 m	Rock026_4K-PNG.zip
	    New File  		 246.4 m	Rock051_4K-PNG.zip
	    New File  		 126.2 m	Rock063_4K-PNG.zip
	    New File  		 652.4 m	rock_collection_04.zip
	    New File  		 237.3 m	Snow006_4K-PNG.zip
	    New File  		 114.0 m	tree_english_oak_forest_01_usd.zip

------------------------------------------------------------------------------

               Total    Copied   Skipped  Mismatch    FAILED    Extras
    Dirs :         1         1         0         0         0         0
   Files :        16        16         0         0         0         0
   Bytes :   4.541 g   4.541 g         0         0         0         0
   Times :   0:02:57   0:02:56                       0:00:00   0:00:00


   Speed :           27,568,380 Bytes/sec.
   Speed :            1,577.475 MegaBytes/min.
   Ended : Monday, August 10, 2026 8:46:49 PM


-------------------------------------------------------------------------------
   ROBOCOPY     ::     Robust File Copy for Windows                              
-------------------------------------------------------------------------------

  Started : Monday, August 10, 2026 9:23:37 PM
   Source : C:\Users\ryanb\Downloads\
     Dest : \\192.168.1.10\Migration\Asset_Sources\

    Files : *.*
	    
  Options : *.* /S /E /DCOPY:DA /COPY:DAT /PURGE /MIR /NP /R:3 /W:5 

------------------------------------------------------------------------------

	                  16	C:\Users\ryanb\Downloads\

------------------------------------------------------------------------------

               Total    Copied   Skipped  Mismatch    FAILED    Extras
    Dirs :         1         0         1         0         0         0
   Files :        16         0        16         0         0         0
   Bytes :   4.541 g         0   4.541 g         0         0         0
   Times :   0:00:00   0:00:00                       0:00:00   0:00:00
   Ended : Monday, August 10, 2026 9:23:37 PM

