placement field: textures/alpine_8k_planting_planting.png  (planting field -- canopy-free)
REPO_ROOT : C:\Users\Admin\UE5LandscapePipeline
map       : 8129 x 8129, 8128 m span = 6606 ha, 1.0 m grid

--- pivot measurement (ruling (c), rock variant) ---
  all 9 rock meshes measured from Free\_measured\rock_pivots.json
    Boulder        horizontal  0.123 m (limit 0.383 = 0.25 x min extent) OK   base offset -0.618 m -> corrected
    TreeStump      horizontal  0.046 m (limit 0.168 = 0.25 x min extent) OK   base offset -0.127 m -> corrected
    CliffOutcrop   horizontal  0.556 m (limit 0.925 = 0.25 x min extent) OK   base offset -0.708 m -> corrected
    CliffOutcropB  horizontal  0.334 m (limit 0.598 = 0.25 x min extent) OK   base offset -0.259 m -> corrected
    CliffFace      horizontal  0.105 m (limit 1.805 = 0.25 x min extent) OK   base offset -1.426 m -> corrected
    TalusField     horizontal  0.129 m (limit 0.823 = 0.25 x min extent) OK   base offset -0.163 m -> corrected
    TalusFieldB    horizontal  0.135 m (limit 1.058 = 0.25 x min extent) OK   base offset -0.236 m -> corrected
    TalusFieldC    horizontal  0.172 m (limit 0.767 = 0.25 x min extent) OK   base offset -0.216 m -> corrected
    TalusChannel   horizontal  0.024 m (limit 1.410 = 0.25 x min extent) OK   base offset -0.205 m -> corrected

--- placement priors ---
  flow      : not requested by any species
  canopy    : 54599 trunks from alpine_8k_Conifer.json, radius 3.068 m at scale 1.0
              scale range 0.600-1.150, so effective radius 1.841-3.528 m

--- talus routing ---
  repose 35.0 deg, source slope >= 45.0 deg, runout 120.0 m, MFD p=1.3
  cliff source cells 5,652,525 (565.3 ha), routing ran 859 steps
  mass conserved (asserted inside the router)
  deposit  max 17488.8  p99 0.045   p>0.2 88.0 ha   p>0.5 75.7 ha
  DISCRIMINATION vs a bare slope band: the naive 25-38 deg band is 1123 ha,
    of which 95.6% has NO cliff feeding it. That difference is the design.

--- exclusions (post-filter on finished rows; RNG untouched) ---
  settlement: 1142 rectangles + a plaza disc, margins building 3.0 m / street 2.0 m / plaza 6.0 m (city/alpine_basin_town_plan.json)
  water     : encounters/alpine_8k_water_exclusion.npz (2033 x 2033 cells, 119396 water cells)

--- exclusion removals ---
  Boulder        settlement       6   water      14   kept       749
  TreeStump      settlement      17   water      29   kept     1,125
  CliffOutcrop   settlement       0   water      31   kept     3,955
  CliffOutcropB  settlement       1   water      39   kept     5,517
  CliffFace      settlement       0   water       0   kept       141
  TalusField     settlement       0   water       3   kept       470
  TalusFieldB    settlement       0   water       0   kept       369
  TalusFieldC    settlement       0   water       3   kept       300
  TalusChannel   settlement       0   water       0   kept       145

--- planned instances ---
  `mask ha` is the PROBABILITY-WEIGHTED area (sum of p x cell area), not the
  count of cells with p > 0. For a soft mask those differ by 20x, and only the
  weighted figure divides into a density that means anything.
  species        role   candidates    placed  mask ha on-mask/ha   map/ha    cover
  Boulder        hero        2,304       749   2187.5        0.3    0.113     0.0%
  TreeStump      clutter      3,844     1,125   2069.5        0.5    0.170     0.0%
  CliffOutcrop   cliff      12,996     3,955   2009.8        2.0    0.599     0.4%
  CliffOutcropB  cliff      16,384     5,517   2232.9        2.5    0.835     0.3%
  CliffFace      cliff         784       141   1152.3        0.1    0.021     0.2%
  TalusField     talus      59,049       470     54.6        8.6    0.071     1.8%
  TalusFieldB    talus      46,225       369     54.6        6.8    0.056     1.4%
  TalusFieldC    talus      39,601       300     50.7        5.9    0.045     0.7%
  TalusChannel   talus      16,384       145     60.1        2.4    0.022     1.2%
  TOTAL                    12,771

  areal coverage where the mask reads 1.0 (the heart of a fan / face):
    cliff    0.9% of the ground
    talus    5.0% of the ground
    hero     0.0% of the ground
    clutter   0.0% of the ground
  embed depth (mesh height x embed_frac x scale, along the blended up-axis; the surface normal only at align=1):
    Boulder        0.18 .. 0.40 m into the surface
    TreeStump      0.22 .. 0.34 m into the surface
    CliffOutcrop   0.81 .. 1.84 m into the surface
    CliffOutcropB  0.57 .. 1.22 m into the surface
    CliffFace      4.38 .. 7.07 m into the surface
    TalusField     0.08 .. 0.17 m into the surface
    TalusFieldB    0.10 .. 0.20 m into the surface
    TalusFieldC    0.09 .. 0.17 m into the surface
    TalusChannel   0.13 .. 0.24 m into the surface

--- rotation gate (replaces R4's 4-degree tilt check for rocks) ---
  Boulder        max |pitch|  35.17  max |roll|  43.43  yaw   0.07..359.33 mean 180.97   PASS
      NOTE Boulder: yaw uniformity SKIPPED (n=749 < 1000) — only the [0,360) range was checked; a pitch-into-yaw transposition would NOT be caught for this species
  TreeStump      max |pitch|  11.35  max |roll|   7.66  yaw   0.12..359.48 mean 177.04   PASS
  CliffOutcrop   max |pitch|  46.83  max |roll|  50.94  yaw   0.16..359.81 mean 180.79   PASS
  CliffOutcropB  max |pitch|  52.18  max |roll|  49.26  yaw   0.04..359.94 mean 177.84   PASS
  CliffFace      max |pitch|  29.80  max |roll|  26.76  yaw   0.31..359.02 mean 191.34   PASS
      NOTE CliffFace: yaw uniformity SKIPPED (n=141 < 1000) — only the [0,360) range was checked; a pitch-into-yaw transposition would NOT be caught for this species
  TalusField     max |pitch|  50.27  max |roll|  45.48  yaw   0.32..359.94 mean 176.38   PASS
      NOTE TalusField: yaw uniformity SKIPPED (n=470 < 1000) — only the [0,360) range was checked; a pitch-into-yaw transposition would NOT be caught for this species
  TalusFieldB    max |pitch|  49.35  max |roll|  44.90  yaw   0.09..359.29 mean 171.17   PASS
      NOTE TalusFieldB: yaw uniformity SKIPPED (n=369 < 1000) — only the [0,360) range was checked; a pitch-into-yaw transposition would NOT be caught for this species
  TalusFieldC    max |pitch|  50.26  max |roll|  49.43  yaw   1.78..358.84 mean 189.15   PASS
      NOTE TalusFieldC: yaw uniformity SKIPPED (n=300 < 1000) — only the [0,360) range was checked; a pitch-into-yaw transposition would NOT be caught for this species
  TalusChannel   max |pitch|  49.72  max |roll|  41.58  yaw  10.10..359.14 mean 182.86   PASS
      NOTE TalusChannel: yaw uniformity SKIPPED (n=145 < 1000) — only the [0,360) range was checked; a pitch-into-yaw transposition would NOT be caught for this species

--- triangle budget (project convention: full 360-degree disc) ---
  species           LOD0  mats   C (m)    cull m                  LOD chain  local worst    map avg
  NOTE Boulder: the generated-chain model would have reported 0.000M here; the MEASURED chain costs 0.001M (7.6x). Vendor LOD chains do not follow percent = screen_size^2.
  Boulder          4,136     1    4.27       140        4,136/1,186/892/596       0.001M     0.000M
  NOTE TreeStump: the generated-chain model would have reported 0.000M here; the MEASURED chain costs 0.001M (5.8x). Vendor LOD chains do not follow percent = screen_size^2.
  TreeStump        5,853     1    3.32       120        5,853/1,878/860/562       0.001M     0.000M
  NOTE CliffOutcrop: the generated-chain model would have reported 0.024M here; the MEASURED chain costs 0.060M (2.5x). Vendor LOD chains do not follow percent = screen_size^2.
  CliffOutcrop    15,320     1   10.09       400       15,320/3,842/936/560       0.060M     0.018M
  NOTE CliffOutcropB: the generated-chain model would have reported 0.012M here; the MEASURED chain costs 0.044M (3.8x). Vendor LOD chains do not follow percent = screen_size^2.
  CliffOutcropB    9,088     1    7.60       350        9,088/2,272/567/454       0.044M     0.015M
  NOTE CliffFace: the generated-chain model would have reported 0.027M here; the MEASURED chain costs 0.049M (1.8x). Vendor LOD chains do not follow percent = screen_size^2.
  CliffFace       29,154     1   38.30       900   29,154/7,288/1,821/1,457       0.049M     0.008M
  NOTE TalusField: the generated-chain model would have reported 0.139M here; the MEASURED chain costs 0.180M (1.3x). Vendor LOD chains do not follow percent = screen_size^2.
  TalusField      33,855     1    8.96       260     33,855/8,405/2,325/829       0.180M     0.001M
  NOTE TalusFieldB: the generated-chain model would have reported 0.043M here; the MEASURED chain costs 0.100M (2.3x). Vendor LOD chains do not follow percent = screen_size^2.
  TalusFieldB     15,425     1    8.37       240       15,425/3,855/963/770       0.100M     0.001M
  NOTE TalusFieldC: the generated-chain model would have reported 0.033M here; the MEASURED chain costs 0.059M (1.8x). Vendor LOD chains do not follow percent = screen_size^2.
  TalusFieldC     20,218     1    6.31       220    20,218/10,078/1,984/585       0.059M     0.000M
  TalusChannel    27,354     1   13.09       320         27,354/6,837/1,708       0.140M     0.001M

  local worst case, cliff     0.153M
  local worst case, talus     0.479M
  local worst case, hero      0.001M
  local worst case, clutter    0.001M
  local worst case, ALL        0.634M   (pessimistic: cliff, talus and meadow
                                        cannot all surround one camera)
  map average                  0.047M   (R5's own convention)

  conifers (R5 locked)        39.600M
  grass    (R11 locked)       29.800M
  rocks    (this plan)          0.634M
  ------------------------- ---------
  TOTAL                        70.034M   working target 40M

--- instance ceiling ---
  ceiling                   860,000
  other species this run          0
  rocks                      12,771
  remaining                 847,229

======================================================================
REPORT ONLY — nothing written. Re-run with --write.
======================================================================
exit 0
